lib acl altio cap daemons dirs_links filebuff fileio filelock files filesys getopt inotify loginacct memalloc mmap pgsjc pipes pmsg proc proccred procexec procpri procres progconc psem pshm pty shlibs signals sockets svipc svmsg svsem svshm sysinfo syslim threads time timers tty users_groups vdso vmem xattr
make[1]: 进入目录“/mnt/hgfs/linux/tlpi-book/lib”
cc -std=c99 -D_XOPEN_SOURCE=600 -D_DEFAULT_SOURCE -g -I../lib -pedantic -Wall -W -Wmissing-prototypes -Wno-sign-compare -Wno-unused-parameter   -c -o print_rlimit.o print_rlimit.c
cc -std=c99 -D_XOPEN_SOURCE=600 -D_DEFAULT_SOURCE -g -I../lib -pedantic -Wall -W -Wmissing-prototypes -Wno-sign-compare -Wno-unused-parameter   -c -o scm_functions.o scm_functions.c
cc -std=c99 -D_XOPEN_SOURCE=600 -D_DEFAULT_SOURCE -g -I../lib -pedantic -Wall -W -Wmissing-prototypes -Wno-sign-compare -Wno-unused-parameter   -c -o signal.o signal.c
cc -std=c99 -D_XOPEN_SOURCE=600 -D_DEFAULT_SOURCE -g -I../lib -pedantic -Wall -W -Wmissing-prototypes -Wno-sign-compare -Wno-unused-parameter   -c -o ugid_functions.o ugid_functions.c
cc -std=c99 -D_XOPEN_SOURCE=600 -D_DEFAULT_SOURCE -g -I../lib -pedantic -Wall -W -Wmissing-prototypes -Wno-sign-compare -Wno-unused-parameter   -c -o cap_functions.o cap_functions.c
cc -std=c99 -D_XOPEN_SOURCE=600 -D_DEFAULT_SOURCE -g -I../lib -pedantic -Wall -W -Wmissing-prototypes -Wno-sign-compare -Wno-unused-parameter   -c -o userns_functions.o userns_functions.c
cc -std=c99 -D_XOPEN_SOURCE=600 -D_DEFAULT_SOURCE -g -I../lib -pedantic -Wall -W -Wmissing-prototypes -Wno-sign-compare -Wno-unused-parameter   -c -o rdwrn.o rdwrn.c
cc -std=c99 -D_XOPEN_SOURCE=600 -D_DEFAULT_SOURCE -g -I../lib -pedantic -Wall -W -Wmissing-prototypes -Wno-sign-compare -Wno-unused-parameter   -c -o binary_sems.o binary_sems.c
cc -std=c99 -D_XOPEN_SOURCE=600 -D_DEFAULT_SOURCE -g -I../lib -pedantic -Wall -W -Wmissing-prototypes -Wno-sign-compare -Wno-unused-parameter   -c -o curr_time.o curr_time.c
cc -std=c99 -D_XOPEN_SOURCE=600 -D_DEFAULT_SOURCE -g -I../lib -pedantic -Wall -W -Wmissing-prototypes -Wno-sign-compare -Wno-unused-parameter   -c -o inet_sockets.o inet_sockets.c
cc -std=c99 -D_XOPEN_SOURCE=600 -D_DEFAULT_SOURCE -g -I../lib -pedantic -Wall -W -Wmissing-prototypes -Wno-sign-compare -Wno-unused-parameter   -c -o signal_functions.o signal_functions.c
cc -std=c99 -D_XOPEN_SOURCE=600 -D_DEFAULT_SOURCE -g -I../lib -pedantic -Wall -W -Wmissing-prototypes -Wno-sign-compare -Wno-unused-parameter   -c -o pty_master_open.o pty_master_open.c
cc -std=c99 -D_XOPEN_SOURCE=600 -D_DEFAULT_SOURCE -g -I../lib -pedantic -Wall -W -Wmissing-prototypes -Wno-sign-compare -Wno-unused-parameter   -c -o pty_fork.o pty_fork.c
cc -std=c99 -D_XOPEN_SOURCE=600 -D_DEFAULT_SOURCE -g -I../lib -pedantic -Wall -W -Wmissing-prototypes -Wno-sign-compare -Wno-unused-parameter   -c -o create_pid_file.o create_pid_file.c
cc -std=c99 -D_XOPEN_SOURCE=600 -D_DEFAULT_SOURCE -g -I../lib -pedantic -Wall -W -Wmissing-prototypes -Wno-sign-compare -Wno-unused-parameter   -c -o file_perms.o file_perms.c
cc -std=c99 -D_XOPEN_SOURCE=600 -D_DEFAULT_SOURCE -g -I../lib -pedantic -Wall -W -Wmissing-prototypes -Wno-sign-compare -Wno-unused-parameter   -c -o get_num.o get_num.c
cc -std=c99 -D_XOPEN_SOURCE=600 -D_DEFAULT_SOURCE -g -I../lib -pedantic -Wall -W -Wmissing-prototypes -Wno-sign-compare -Wno-unused-parameter   -c -o print_wait_status.o print_wait_status.c
cc -std=c99 -D_XOPEN_SOURCE=600 -D_DEFAULT_SOURCE -g -I../lib -pedantic -Wall -W -Wmissing-prototypes -Wno-sign-compare -Wno-unused-parameter   -c -o become_daemon.o become_daemon.c
cc -std=c99 -D_XOPEN_SOURCE=600 -D_DEFAULT_SOURCE -g -I../lib -pedantic -Wall -W -Wmissing-prototypes -Wno-sign-compare -Wno-unused-parameter   -c -o read_line.o read_line.c
cc -std=c99 -D_XOPEN_SOURCE=600 -D_DEFAULT_SOURCE -g -I../lib -pedantic -Wall -W -Wmissing-prototypes -Wno-sign-compare -Wno-unused-parameter   -c -o read_line_buf.o read_line_buf.c
cc -std=c99 -D_XOPEN_SOURCE=600 -D_DEFAULT_SOURCE -g -I../lib -pedantic -Wall -W -Wmissing-prototypes -Wno-sign-compare -Wno-unused-parameter   -c -o tty_functions.o tty_functions.c
sh Build_ename.sh > ename.c.inc
echo 1>&2 "ename.c.inc built"
cc -std=c99 -D_XOPEN_SOURCE=600 -D_DEFAULT_SOURCE -g -I../lib -pedantic -Wall -W -Wmissing-prototypes -Wno-sign-compare -Wno-unused-parameter   -c -o error_functions.o error_functions.c
cc -std=c99 -D_XOPEN_SOURCE=600 -D_DEFAULT_SOURCE -g -I../lib -pedantic -Wall -W -Wmissing-prototypes -Wno-sign-compare -Wno-unused-parameter   -c -o print_rusage.o print_rusage.c
cc -std=c99 -D_XOPEN_SOURCE=600 -D_DEFAULT_SOURCE -g -I../lib -pedantic -Wall -W -Wmissing-prototypes -Wno-sign-compare -Wno-unused-parameter   -c -o unix_sockets.o unix_sockets.c
cc -std=c99 -D_XOPEN_SOURCE=600 -D_DEFAULT_SOURCE -g -I../lib -pedantic -Wall -W -Wmissing-prototypes -Wno-sign-compare -Wno-unused-parameter   -c -o itimerspec_from_str.o itimerspec_from_str.c
cc -std=c99 -D_XOPEN_SOURCE=600 -D_DEFAULT_SOURCE -g -I../lib -pedantic -Wall -W -Wmissing-prototypes -Wno-sign-compare -Wno-unused-parameter   -c -o alt_functions.o alt_functions.c
cc -std=c99 -D_XOPEN_SOURCE=600 -D_DEFAULT_SOURCE -g -I../lib -pedantic -Wall -W -Wmissing-prototypes -Wno-sign-compare -Wno-unused-parameter   -c -o region_locking.o region_locking.c
cc -std=c99 -D_XOPEN_SOURCE=600 -D_DEFAULT_SOURCE -g -I../lib -pedantic -Wall -W -Wmissing-prototypes -Wno-sign-compare -Wno-unused-parameter   -c -o event_flags.o event_flags.c
rm -f ../libtlpi.a
ar rs ../libtlpi.a *.o
make[1]: 离开目录“/mnt/hgfs/linux/tlpi-book/lib”
make[1]: 进入目录“/mnt/hgfs/linux/tlpi-book/acl”
cc -std=c99 -D_XOPEN_SOURCE=600 -D_DEFAULT_SOURCE -g -I../lib -pedantic -Wall -W -Wmissing-prototypes -Wno-sign-compare -Wno-unused-parameter    acl_update.c ../libtlpi.a  ../libtlpi.a -lacl -o acl_update
cc -std=c99 -D_XOPEN_SOURCE=600 -D_DEFAULT_SOURCE -g -I../lib -pedantic -Wall -W -Wmissing-prototypes -Wno-sign-compare -Wno-unused-parameter    acl_view.c ../libtlpi.a  ../libtlpi.a -lacl -o acl_view
make[1]: 离开目录“/mnt/hgfs/linux/tlpi-book/acl”
make[1]: 进入目录“/mnt/hgfs/linux/tlpi-book/altio”
cc -std=c99 -D_XOPEN_SOURCE=600 -D_DEFAULT_SOURCE -g -I../lib -pedantic -Wall -W -Wmissing-prototypes -Wno-sign-compare -Wno-unused-parameter    demo_sigio.c ../libtlpi.a  ../libtlpi.a -o demo_sigio
cc -std=c99 -D_XOPEN_SOURCE=600 -D_DEFAULT_SOURCE -g -I../lib -pedantic -Wall -W -Wmissing-prototypes -Wno-sign-compare -Wno-unused-parameter    poll_pipes.c ../libtlpi.a  ../libtlpi.a -o poll_pipes
cc -std=c99 -D_XOPEN_SOURCE=600 -D_DEFAULT_SOURCE -g -I../lib -pedantic -Wall -W -Wmissing-prototypes -Wno-sign-compare -Wno-unused-parameter    select_mq.c ../libtlpi.a  ../libtlpi.a -o select_mq
cc -std=c99 -D_XOPEN_SOURCE=600 -D_DEFAULT_SOURCE -g -I../lib -pedantic -Wall -W -Wmissing-prototypes -Wno-sign-compare -Wno-unused-parameter    self_pipe.c ../libtlpi.a  ../libtlpi.a -o self_pipe
cc -std=c99 -D_XOPEN_SOURCE=600 -D_DEFAULT_SOURCE -g -I../lib -pedantic -Wall -W -Wmissing-prototypes -Wno-sign-compare -Wno-unused-parameter    t_select.c ../libtlpi.a  ../libtlpi.a -o t_select
cc -std=c99 -D_XOPEN_SOURCE=600 -D_DEFAULT_SOURCE -g -I../lib -pedantic -Wall -W -Wmissing-prototypes -Wno-sign-compare -Wno-unused-parameter    epoll_flags_fork.c ../libtlpi.a  ../libtlpi.a -o epoll_flags_fork
cc -std=c99 -D_XOPEN_SOURCE=600 -D_DEFAULT_SOURCE -g -I../lib -pedantic -Wall -W -Wmissing-prototypes -Wno-sign-compare -Wno-unused-parameter    epoll_input.c ../libtlpi.a  ../libtlpi.a -o epoll_input
cc -std=c99 -D_XOPEN_SOURCE=600 -D_DEFAULT_SOURCE -g -I../lib -pedantic -Wall -W -Wmissing-prototypes -Wno-sign-compare -Wno-unused-parameter   -c -o multithread_epoll_wait.o multithread_epoll_wait.c
cc -o multithread_epoll_wait multithread_epoll_wait.o \
	-std=c99 -D_XOPEN_SOURCE=600 -D_DEFAULT_SOURCE -g -I../lib -pedantic -Wall -W -Wmissing-prototypes -Wno-sign-compare -Wno-unused-parameter ../libtlpi.a -pthread
make[1]: 离开目录“/mnt/hgfs/linux/tlpi-book/altio”
make[1]: 进入目录“/mnt/hgfs/linux/tlpi-book/cap”
cc -std=c99 -D_XOPEN_SOURCE=600 -D_DEFAULT_SOURCE -g -I../lib -pedantic -Wall -W -Wmissing-prototypes -Wno-sign-compare -Wno-unused-parameter    cap_launcher.c ../libtlpi.a  ../libtlpi.a -lcap -lcrypt -o cap_launcher
cc -std=c99 -D_XOPEN_SOURCE=600 -D_DEFAULT_SOURCE -g -I../lib -pedantic -Wall -W -Wmissing-prototypes -Wno-sign-compare -Wno-unused-parameter    cap_text.c ../libtlpi.a  ../libtlpi.a -lcap -lcrypt -o cap_text
cc -std=c99 -D_XOPEN_SOURCE=600 -D_DEFAULT_SOURCE -g -I../lib -pedantic -Wall -W -Wmissing-prototypes -Wno-sign-compare -Wno-unused-parameter    check_password_caps.c ../libtlpi.a  ../libtlpi.a -lcap -lcrypt -o check_password_caps
cc -std=c99 -D_XOPEN_SOURCE=600 -D_DEFAULT_SOURCE -g -I../lib -pedantic -Wall -W -Wmissing-prototypes -Wno-sign-compare -Wno-unused-parameter    demo_file_caps.c ../libtlpi.a  ../libtlpi.a -lcap -lcrypt -o demo_file_caps
make[1]: 离开目录“/mnt/hgfs/linux/tlpi-book/cap”
make[1]: 进入目录“/mnt/hgfs/linux/tlpi-book/daemons”
cc -std=c99 -D_XOPEN_SOURCE=600 -D_DEFAULT_SOURCE -g -I../lib -pedantic -Wall -W -Wmissing-prototypes -Wno-sign-compare -Wno-unused-parameter    daemon_SIGHUP.c ../libtlpi.a  ../libtlpi.a -o daemon_SIGHUP
cc -std=c99 -D_XOPEN_SOURCE=600 -D_DEFAULT_SOURCE -g -I../lib -pedantic -Wall -W -Wmissing-prototypes -Wno-sign-compare -Wno-unused-parameter    t_syslog.c ../libtlpi.a  ../libtlpi.a -o t_syslog
cc -std=c99 -D_XOPEN_SOURCE=600 -D_DEFAULT_SOURCE -g -I../lib -pedantic -Wall -W -Wmissing-prototypes -Wno-sign-compare -Wno-unused-parameter    test_become_daemon.c ../libtlpi.a  ../libtlpi.a -o test_become_daemon
make[1]: 离开目录“/mnt/hgfs/linux/tlpi-book/daemons”
make[1]: 进入目录“/mnt/hgfs/linux/tlpi-book/dirs_links”
cc -std=c99 -D_XOPEN_SOURCE=600 -D_DEFAULT_SOURCE -g -I../lib -pedantic -Wall -W -Wmissing-prototypes -Wno-sign-compare -Wno-unused-parameter    bad_symlink.c ../libtlpi.a  ../libtlpi.a -o bad_symlink
cc -std=c99 -D_XOPEN_SOURCE=600 -D_DEFAULT_SOURCE -g -I../lib -pedantic -Wall -W -Wmissing-prototypes -Wno-sign-compare -Wno-unused-parameter    file_type_stats.c ../libtlpi.a  ../libtlpi.a -o file_type_stats
cc -std=c99 -D_XOPEN_SOURCE=600 -D_DEFAULT_SOURCE -g -I../lib -pedantic -Wall -W -Wmissing-prototypes -Wno-sign-compare -Wno-unused-parameter    list_files.c ../libtlpi.a  ../libtlpi.a -o list_files
cc -std=c99 -D_XOPEN_SOURCE=600 -D_DEFAULT_SOURCE -g -I../lib -pedantic -Wall -W -Wmissing-prototypes -Wno-sign-compare -Wno-unused-parameter    list_files_readdir_r.c ../libtlpi.a  ../libtlpi.a -o list_files_readdir_r
cc -std=c99 -D_XOPEN_SOURCE=600 -D_DEFAULT_SOURCE -g -I../lib -pedantic -Wall -W -Wmissing-prototypes -Wno-sign-compare -Wno-unused-parameter    nftw_dir_tree.c ../libtlpi.a  ../libtlpi.a -o nftw_dir_tree
cc -std=c99 -D_XOPEN_SOURCE=600 -D_DEFAULT_SOURCE -g -I../lib -pedantic -Wall -W -Wmissing-prototypes -Wno-sign-compare -Wno-unused-parameter    t_dirbasename.c ../libtlpi.a  ../libtlpi.a -o t_dirbasename
cc -std=c99 -D_XOPEN_SOURCE=600 -D_DEFAULT_SOURCE -g -I../lib -pedantic -Wall -W -Wmissing-prototypes -Wno-sign-compare -Wno-unused-parameter    t_unlink.c ../libtlpi.a  ../libtlpi.a -o t_unlink
cc -std=c99 -D_XOPEN_SOURCE=600 -D_DEFAULT_SOURCE -g -I../lib -pedantic -Wall -W -Wmissing-prototypes -Wno-sign-compare -Wno-unused-parameter    view_symlink.c ../libtlpi.a  ../libtlpi.a -o view_symlink
make[1]: 离开目录“/mnt/hgfs/linux/tlpi-book/dirs_links”
make[1]: 进入目录“/mnt/hgfs/linux/tlpi-book/filebuff”
cc -std=c99 -D_XOPEN_SOURCE=600 -D_DEFAULT_SOURCE -g -I../lib -pedantic -Wall -W -Wmissing-prototypes -Wno-sign-compare -Wno-unused-parameter    copy.c ../libtlpi.a  ../libtlpi.a -o copy
cc -std=c99 -D_XOPEN_SOURCE=600 -D_DEFAULT_SOURCE -g -I../lib -pedantic -Wall -W -Wmissing-prototypes -Wno-sign-compare -Wno-unused-parameter    mix23_linebuff.c ../libtlpi.a  ../libtlpi.a -o mix23_linebuff
cc -std=c99 -D_XOPEN_SOURCE=600 -D_DEFAULT_SOURCE -g -I../lib -pedantic -Wall -W -Wmissing-prototypes -Wno-sign-compare -Wno-unused-parameter    mix23io.c ../libtlpi.a  ../libtlpi.a -o mix23io
cc -std=c99 -D_XOPEN_SOURCE=600 -D_DEFAULT_SOURCE -g -I../lib -pedantic -Wall -W -Wmissing-prototypes -Wno-sign-compare -Wno-unused-parameter    write_bytes.c ../libtlpi.a  ../libtlpi.a -o write_bytes
cc -DUSE_FDATASYNC -o write_bytes_fdatasync write_bytes.c -std=c99 -D_XOPEN_SOURCE=600 -D_DEFAULT_SOURCE -g -I../lib -pedantic -Wall -W -Wmissing-prototypes -Wno-sign-compare -Wno-unused-parameter ../libtlpi.a
cc -DUSE_FSYNC -o write_bytes_fsync write_bytes.c -std=c99 -D_XOPEN_SOURCE=600 -D_DEFAULT_SOURCE -g -I../lib -pedantic -Wall -W -Wmissing-prototypes -Wno-sign-compare -Wno-unused-parameter ../libtlpi.a
cc -DUSE_O_SYNC -o write_bytes_o_sync write_bytes.c -std=c99 -D_XOPEN_SOURCE=600 -D_DEFAULT_SOURCE -g -I../lib -pedantic -Wall -W -Wmissing-prototypes -Wno-sign-compare -Wno-unused-parameter ../libtlpi.a
cc -std=c99 -D_XOPEN_SOURCE=600 -D_DEFAULT_SOURCE -g -I../lib -pedantic -Wall -W -Wmissing-prototypes -Wno-sign-compare -Wno-unused-parameter    direct_read.c ../libtlpi.a  ../libtlpi.a -o direct_read
make[1]: 离开目录“/mnt/hgfs/linux/tlpi-book/filebuff”
make[1]: 进入目录“/mnt/hgfs/linux/tlpi-book/fileio”
cc -std=c99 -D_XOPEN_SOURCE=600 -D_DEFAULT_SOURCE -g -I../lib -pedantic -Wall -W -Wmissing-prototypes -Wno-sign-compare -Wno-unused-parameter    atomic_append.c ../libtlpi.a  ../libtlpi.a -o atomic_append
cc -std=c99 -D_XOPEN_SOURCE=600 -D_DEFAULT_SOURCE -g -I../lib -pedantic -Wall -W -Wmissing-prototypes -Wno-sign-compare -Wno-unused-parameter    bad_exclusive_open.c ../libtlpi.a  ../libtlpi.a -o bad_exclusive_open
cc -std=c99 -D_XOPEN_SOURCE=600 -D_DEFAULT_SOURCE -g -I../lib -pedantic -Wall -W -Wmissing-prototypes -Wno-sign-compare -Wno-unused-parameter    copy.c ../libtlpi.a  ../libtlpi.a -o copy
cc -std=c99 -D_XOPEN_SOURCE=600 -D_DEFAULT_SOURCE -g -I../lib -pedantic -Wall -W -Wmissing-prototypes -Wno-sign-compare -Wno-unused-parameter    multi_descriptors.c ../libtlpi.a  ../libtlpi.a -o multi_descriptors
cc -std=c99 -D_XOPEN_SOURCE=600 -D_DEFAULT_SOURCE -g -I../lib -pedantic -Wall -W -Wmissing-prototypes -Wno-sign-compare -Wno-unused-parameter    seek_io.c ../libtlpi.a  ../libtlpi.a -o seek_io
cc -std=c99 -D_XOPEN_SOURCE=600 -D_DEFAULT_SOURCE -g -I../lib -pedantic -Wall -W -Wmissing-prototypes -Wno-sign-compare -Wno-unused-parameter    t_readv.c ../libtlpi.a  ../libtlpi.a -o t_readv
cc -std=c99 -D_XOPEN_SOURCE=600 -D_DEFAULT_SOURCE -g -I../lib -pedantic -Wall -W -Wmissing-prototypes -Wno-sign-compare -Wno-unused-parameter    t_truncate.c ../libtlpi.a  ../libtlpi.a -o t_truncate
cc -std=c99 -D_XOPEN_SOURCE=600 -D_DEFAULT_SOURCE -g -I../lib -pedantic -Wall -W -Wmissing-prototypes -Wno-sign-compare -Wno-unused-parameter    large_file.c ../libtlpi.a  ../libtlpi.a -o large_file
make[1]: 离开目录“/mnt/hgfs/linux/tlpi-book/fileio”
make[1]: 进入目录“/mnt/hgfs/linux/tlpi-book/filelock”
cc -std=c99 -D_XOPEN_SOURCE=600 -D_DEFAULT_SOURCE -g -I../lib -pedantic -Wall -W -Wmissing-prototypes -Wno-sign-compare -Wno-unused-parameter    i_fcntl_locking.c ../libtlpi.a  ../libtlpi.a -o i_fcntl_locking
cc -std=c99 -D_XOPEN_SOURCE=600 -D_DEFAULT_SOURCE -g -I../lib -pedantic -Wall -W -Wmissing-prototypes -Wno-sign-compare -Wno-unused-parameter    t_flock.c ../libtlpi.a  ../libtlpi.a -o t_flock
make[1]: 离开目录“/mnt/hgfs/linux/tlpi-book/filelock”
make[1]: 进入目录“/mnt/hgfs/linux/tlpi-book/files”
cc -std=c99 -D_XOPEN_SOURCE=600 -D_DEFAULT_SOURCE -g -I../lib -pedantic -Wall -W -Wmissing-prototypes -Wno-sign-compare -Wno-unused-parameter    t_chown.c ../libtlpi.a  ../libtlpi.a -o t_chown
cc -std=c99 -D_XOPEN_SOURCE=600 -D_DEFAULT_SOURCE -g -I../lib -pedantic -Wall -W -Wmissing-prototypes -Wno-sign-compare -Wno-unused-parameter    t_stat.c ../libtlpi.a  ../libtlpi.a -o t_stat
cc -std=c99 -D_XOPEN_SOURCE=600 -D_DEFAULT_SOURCE -g -I../lib -pedantic -Wall -W -Wmissing-prototypes -Wno-sign-compare -Wno-unused-parameter    t_umask.c ../libtlpi.a  ../libtlpi.a -o t_umask
cc -std=c99 -D_XOPEN_SOURCE=600 -D_DEFAULT_SOURCE -g -I../lib -pedantic -Wall -W -Wmissing-prototypes -Wno-sign-compare -Wno-unused-parameter    t_utime.c ../libtlpi.a  ../libtlpi.a -o t_utime
cc -std=c99 -D_XOPEN_SOURCE=600 -D_DEFAULT_SOURCE -g -I../lib -pedantic -Wall -W -Wmissing-prototypes -Wno-sign-compare -Wno-unused-parameter    t_utimes.c ../libtlpi.a  ../libtlpi.a -o t_utimes
cc -std=c99 -D_XOPEN_SOURCE=600 -D_DEFAULT_SOURCE -g -I../lib -pedantic -Wall -W -Wmissing-prototypes -Wno-sign-compare -Wno-unused-parameter    chiflag.c ../libtlpi.a  ../libtlpi.a -o chiflag
make[1]: 离开目录“/mnt/hgfs/linux/tlpi-book/files”
make[1]: 进入目录“/mnt/hgfs/linux/tlpi-book/filesys”
cc -std=c99 -D_XOPEN_SOURCE=600 -D_DEFAULT_SOURCE -g -I../lib -pedantic -Wall -W -Wmissing-prototypes -Wno-sign-compare -Wno-unused-parameter    t_statvfs.c ../libtlpi.a  ../libtlpi.a -o t_statvfs
cc -std=c99 -D_XOPEN_SOURCE=600 -D_DEFAULT_SOURCE -g -I../lib -pedantic -Wall -W -Wmissing-prototypes -Wno-sign-compare -Wno-unused-parameter    t_statfs.c ../libtlpi.a  ../libtlpi.a -o t_statfs
cc -std=c99 -D_XOPEN_SOURCE=600 -D_DEFAULT_SOURCE -g -I../lib -pedantic -Wall -W -Wmissing-prototypes -Wno-sign-compare -Wno-unused-parameter    t_mount.c ../libtlpi.a  ../libtlpi.a -o t_mount
cc -std=c99 -D_XOPEN_SOURCE=600 -D_DEFAULT_SOURCE -g -I../lib -pedantic -Wall -W -Wmissing-prototypes -Wno-sign-compare -Wno-unused-parameter    t_umount.c ../libtlpi.a  ../libtlpi.a -o t_umount
make[1]: 离开目录“/mnt/hgfs/linux/tlpi-book/filesys”
make[1]: 进入目录“/mnt/hgfs/linux/tlpi-book/getopt”
cc -std=c99 -D_XOPEN_SOURCE=600 -D_DEFAULT_SOURCE -g -I../lib -pedantic -Wall -W -Wmissing-prototypes -Wno-sign-compare -Wno-unused-parameter    t_getopt.c ../libtlpi.a  ../libtlpi.a -o t_getopt
make[1]: 离开目录“/mnt/hgfs/linux/tlpi-book/getopt”
make[1]: 进入目录“/mnt/hgfs/linux/tlpi-book/inotify”
cc -std=c99 -D_XOPEN_SOURCE=600 -D_DEFAULT_SOURCE -g -I../lib -pedantic -Wall -W -Wmissing-prototypes -Wno-sign-compare -Wno-unused-parameter    demo_inotify.c ../libtlpi.a  ../libtlpi.a -o demo_inotify
cc -std=c99 -D_XOPEN_SOURCE=600 -D_DEFAULT_SOURCE -g -I../lib -pedantic -Wall -W -Wmissing-prototypes -Wno-sign-compare -Wno-unused-parameter    dnotify.c ../libtlpi.a  ../libtlpi.a -o dnotify
cc -std=c99 -D_XOPEN_SOURCE=600 -D_DEFAULT_SOURCE -g -I../lib -pedantic -Wall -W -Wmissing-prototypes -Wno-sign-compare -Wno-unused-parameter    inotify_dtree.c ../libtlpi.a  ../libtlpi.a -o inotify_dtree
cc -std=c99 -D_XOPEN_SOURCE=600 -D_DEFAULT_SOURCE -g -I../lib -pedantic -Wall -W -Wmissing-prototypes -Wno-sign-compare -Wno-unused-parameter    rand_dtree.c ../libtlpi.a  ../libtlpi.a -o rand_dtree
make[1]: 离开目录“/mnt/hgfs/linux/tlpi-book/inotify”
make[1]: 进入目录“/mnt/hgfs/linux/tlpi-book/loginacct”
cc -std=c99 -D_XOPEN_SOURCE=600 -D_DEFAULT_SOURCE -g -I../lib -pedantic -Wall -W -Wmissing-prototypes -Wno-sign-compare -Wno-unused-parameter    dump_utmpx.c ../libtlpi.a  ../libtlpi.a -o dump_utmpx
cc -std=c99 -D_XOPEN_SOURCE=600 -D_DEFAULT_SOURCE -g -I../lib -pedantic -Wall -W -Wmissing-prototypes -Wno-sign-compare -Wno-unused-parameter    utmpx_login.c ../libtlpi.a  ../libtlpi.a -o utmpx_login
cc -std=c99 -D_XOPEN_SOURCE=600 -D_DEFAULT_SOURCE -g -I../lib -pedantic -Wall -W -Wmissing-prototypes -Wno-sign-compare -Wno-unused-parameter    view_lastlog.c ../libtlpi.a  ../libtlpi.a -o view_lastlog
make[1]: 离开目录“/mnt/hgfs/linux/tlpi-book/loginacct”
make[1]: 进入目录“/mnt/hgfs/linux/tlpi-book/memalloc”
cc -std=c99 -D_XOPEN_SOURCE=600 -D_DEFAULT_SOURCE -g -I../lib -pedantic -Wall -W -Wmissing-prototypes -Wno-sign-compare -Wno-unused-parameter    free_and_sbrk.c ../libtlpi.a  ../libtlpi.a -o free_and_sbrk
make[1]: 离开目录“/mnt/hgfs/linux/tlpi-book/memalloc”
make[1]: 进入目录“/mnt/hgfs/linux/tlpi-book/mmap”
cc -std=c99 -D_XOPEN_SOURCE=600 -D_DEFAULT_SOURCE -g -I../lib -pedantic -Wall -W -Wmissing-prototypes -Wno-sign-compare -Wno-unused-parameter    anon_mmap.c ../libtlpi.a  ../libtlpi.a -o anon_mmap
cc -std=c99 -D_XOPEN_SOURCE=600 -D_DEFAULT_SOURCE -g -I../lib -pedantic -Wall -W -Wmissing-prototypes -Wno-sign-compare -Wno-unused-parameter    mmcat.c ../libtlpi.a  ../libtlpi.a -o mmcat
cc -std=c99 -D_XOPEN_SOURCE=600 -D_DEFAULT_SOURCE -g -I../lib -pedantic -Wall -W -Wmissing-prototypes -Wno-sign-compare -Wno-unused-parameter    mmcopy.c ../libtlpi.a  ../libtlpi.a -o mmcopy
cc -std=c99 -D_XOPEN_SOURCE=600 -D_DEFAULT_SOURCE -g -I../lib -pedantic -Wall -W -Wmissing-prototypes -Wno-sign-compare -Wno-unused-parameter    t_mmap.c ../libtlpi.a  ../libtlpi.a -o t_mmap
cc -std=c99 -D_XOPEN_SOURCE=600 -D_DEFAULT_SOURCE -g -I../lib -pedantic -Wall -W -Wmissing-prototypes -Wno-sign-compare -Wno-unused-parameter    t_remap_file_pages.c ../libtlpi.a  ../libtlpi.a -o t_remap_file_pages
make[1]: 离开目录“/mnt/hgfs/linux/tlpi-book/mmap”
make[1]: 进入目录“/mnt/hgfs/linux/tlpi-book/pgsjc”
cc -std=c99 -D_XOPEN_SOURCE=600 -D_DEFAULT_SOURCE -g -I../lib -pedantic -Wall -W -Wmissing-prototypes -Wno-sign-compare -Wno-unused-parameter    catch_SIGHUP.c ../libtlpi.a  ../libtlpi.a -o catch_SIGHUP
cc -std=c99 -D_XOPEN_SOURCE=600 -D_DEFAULT_SOURCE -g -I../lib -pedantic -Wall -W -Wmissing-prototypes -Wno-sign-compare -Wno-unused-parameter    disc_SIGHUP.c ../libtlpi.a  ../libtlpi.a -o disc_SIGHUP
cc -std=c99 -D_XOPEN_SOURCE=600 -D_DEFAULT_SOURCE -g -I../lib -pedantic -Wall -W -Wmissing-prototypes -Wno-sign-compare -Wno-unused-parameter    job_mon.c ../libtlpi.a  ../libtlpi.a -o job_mon
cc -std=c99 -D_XOPEN_SOURCE=600 -D_DEFAULT_SOURCE -g -I../lib -pedantic -Wall -W -Wmissing-prototypes -Wno-sign-compare -Wno-unused-parameter    orphaned_pgrp_SIGHUP.c ../libtlpi.a  ../libtlpi.a -o orphaned_pgrp_SIGHUP
cc -std=c99 -D_XOPEN_SOURCE=600 -D_DEFAULT_SOURCE -g -I../lib -pedantic -Wall -W -Wmissing-prototypes -Wno-sign-compare -Wno-unused-parameter    handling_SIGTSTP.c ../libtlpi.a  ../libtlpi.a -o handling_SIGTSTP
cc -std=c99 -D_XOPEN_SOURCE=600 -D_DEFAULT_SOURCE -g -I../lib -pedantic -Wall -W -Wmissing-prototypes -Wno-sign-compare -Wno-unused-parameter    t_setsid.c ../libtlpi.a  ../libtlpi.a -o t_setsid
make[1]: 离开目录“/mnt/hgfs/linux/tlpi-book/pgsjc”
make[1]: 进入目录“/mnt/hgfs/linux/tlpi-book/pipes”
cc -std=c99 -D_XOPEN_SOURCE=600 -D_DEFAULT_SOURCE -g -I../lib -pedantic -Wall -W -Wmissing-prototypes -Wno-sign-compare -Wno-unused-parameter    change_case.c ../libtlpi.a  ../libtlpi.a -o change_case
cc -std=c99 -D_XOPEN_SOURCE=600 -D_DEFAULT_SOURCE -g -I../lib -pedantic -Wall -W -Wmissing-prototypes -Wno-sign-compare -Wno-unused-parameter   -c -o fifo_seqnum_client.o fifo_seqnum_client.c
cc   fifo_seqnum_client.o ../libtlpi.a  ../libtlpi.a -o fifo_seqnum_client
cc -std=c99 -D_XOPEN_SOURCE=600 -D_DEFAULT_SOURCE -g -I../lib -pedantic -Wall -W -Wmissing-prototypes -Wno-sign-compare -Wno-unused-parameter   -c -o fifo_seqnum_server.o fifo_seqnum_server.c
cc   fifo_seqnum_server.o ../libtlpi.a  ../libtlpi.a -o fifo_seqnum_server
cc -std=c99 -D_XOPEN_SOURCE=600 -D_DEFAULT_SOURCE -g -I../lib -pedantic -Wall -W -Wmissing-prototypes -Wno-sign-compare -Wno-unused-parameter    pipe_ls_wc.c ../libtlpi.a  ../libtlpi.a -o pipe_ls_wc
cc -std=c99 -D_XOPEN_SOURCE=600 -D_DEFAULT_SOURCE -g -I../lib -pedantic -Wall -W -Wmissing-prototypes -Wno-sign-compare -Wno-unused-parameter    pipe_sync.c ../libtlpi.a  ../libtlpi.a -o pipe_sync
cc -std=c99 -D_XOPEN_SOURCE=600 -D_DEFAULT_SOURCE -g -I../lib -pedantic -Wall -W -Wmissing-prototypes -Wno-sign-compare -Wno-unused-parameter    popen_glob.c ../libtlpi.a  ../libtlpi.a -o popen_glob
cc -std=c99 -D_XOPEN_SOURCE=600 -D_DEFAULT_SOURCE -g -I../lib -pedantic -Wall -W -Wmissing-prototypes -Wno-sign-compare -Wno-unused-parameter    simple_pipe.c ../libtlpi.a  ../libtlpi.a -o simple_pipe
make[1]: 离开目录“/mnt/hgfs/linux/tlpi-book/pipes”
make[1]: 进入目录“/mnt/hgfs/linux/tlpi-book/pmsg”
cc -std=c99 -D_XOPEN_SOURCE=600 -D_DEFAULT_SOURCE -g -I../lib -pedantic -Wall -W -Wmissing-prototypes -Wno-sign-compare -Wno-unused-parameter    mq_notify_sig.c ../libtlpi.a  ../libtlpi.a -lrt -o mq_notify_sig
cc -std=c99 -D_XOPEN_SOURCE=600 -D_DEFAULT_SOURCE -g -I../lib -pedantic -Wall -W -Wmissing-prototypes -Wno-sign-compare -Wno-unused-parameter    mq_notify_sigwaitinfo.c ../libtlpi.a  ../libtlpi.a -lrt -o mq_notify_sigwaitinfo
cc -std=c99 -D_XOPEN_SOURCE=600 -D_DEFAULT_SOURCE -g -I../lib -pedantic -Wall -W -Wmissing-prototypes -Wno-sign-compare -Wno-unused-parameter    mq_notify_thread.c ../libtlpi.a  ../libtlpi.a -lrt -o mq_notify_thread
cc -std=c99 -D_XOPEN_SOURCE=600 -D_DEFAULT_SOURCE -g -I../lib -pedantic -Wall -W -Wmissing-prototypes -Wno-sign-compare -Wno-unused-parameter    mq_notify_via_signal.c ../libtlpi.a  ../libtlpi.a -lrt -o mq_notify_via_signal
cc -std=c99 -D_XOPEN_SOURCE=600 -D_DEFAULT_SOURCE -g -I../lib -pedantic -Wall -W -Wmissing-prototypes -Wno-sign-compare -Wno-unused-parameter    mq_notify_via_thread.c ../libtlpi.a  ../libtlpi.a -lrt -o mq_notify_via_thread
cc -std=c99 -D_XOPEN_SOURCE=600 -D_DEFAULT_SOURCE -g -I../lib -pedantic -Wall -W -Wmissing-prototypes -Wno-sign-compare -Wno-unused-parameter    pmsg_create.c ../libtlpi.a  ../libtlpi.a -lrt -o pmsg_create
cc -std=c99 -D_XOPEN_SOURCE=600 -D_DEFAULT_SOURCE -g -I../lib -pedantic -Wall -W -Wmissing-prototypes -Wno-sign-compare -Wno-unused-parameter    pmsg_getattr.c ../libtlpi.a  ../libtlpi.a -lrt -o pmsg_getattr
cc -std=c99 -D_XOPEN_SOURCE=600 -D_DEFAULT_SOURCE -g -I../lib -pedantic -Wall -W -Wmissing-prototypes -Wno-sign-compare -Wno-unused-parameter    pmsg_receive.c ../libtlpi.a  ../libtlpi.a -lrt -o pmsg_receive
cc -std=c99 -D_XOPEN_SOURCE=600 -D_DEFAULT_SOURCE -g -I../lib -pedantic -Wall -W -Wmissing-prototypes -Wno-sign-compare -Wno-unused-parameter    pmsg_send.c ../libtlpi.a  ../libtlpi.a -lrt -o pmsg_send
cc -std=c99 -D_XOPEN_SOURCE=600 -D_DEFAULT_SOURCE -g -I../lib -pedantic -Wall -W -Wmissing-prototypes -Wno-sign-compare -Wno-unused-parameter    pmsg_unlink.c ../libtlpi.a  ../libtlpi.a -lrt -o pmsg_unlink
make[1]: 离开目录“/mnt/hgfs/linux/tlpi-book/pmsg”
make[1]: 进入目录“/mnt/hgfs/linux/tlpi-book/proc”
cc -std=c99 -D_XOPEN_SOURCE=600 -D_DEFAULT_SOURCE -g -I../lib -pedantic -Wall -W -Wmissing-prototypes -Wno-sign-compare -Wno-unused-parameter    bad_longjmp.c ../libtlpi.a  ../libtlpi.a -o bad_longjmp
cc -std=c99 -D_XOPEN_SOURCE=600 -D_DEFAULT_SOURCE -g -I../lib -pedantic -Wall -W -Wmissing-prototypes -Wno-sign-compare -Wno-unused-parameter    display_env.c ../libtlpi.a  ../libtlpi.a -o display_env
cc -std=c99 -D_XOPEN_SOURCE=600 -D_DEFAULT_SOURCE -g -I../lib -pedantic -Wall -W -Wmissing-prototypes -Wno-sign-compare -Wno-unused-parameter    longjmp.c ../libtlpi.a  ../libtlpi.a -o longjmp
cc -std=c99 -D_XOPEN_SOURCE=600 -D_DEFAULT_SOURCE -g -I../lib -pedantic -Wall -W -Wmissing-prototypes -Wno-sign-compare -Wno-unused-parameter    necho.c ../libtlpi.a  ../libtlpi.a -o necho
cc -std=c99 -D_XOPEN_SOURCE=600 -D_DEFAULT_SOURCE -g -I../lib -pedantic -Wall -W -Wmissing-prototypes -Wno-sign-compare -Wno-unused-parameter    setjmp_vars.c ../libtlpi.a  ../libtlpi.a -o setjmp_vars
cc -std=c99 -D_XOPEN_SOURCE=600 -D_DEFAULT_SOURCE -g -I../lib -pedantic -Wall -W -Wmissing-prototypes -Wno-sign-compare -Wno-unused-parameter    t_getenv.c ../libtlpi.a  ../libtlpi.a -o t_getenv
cc -std=c99 -D_XOPEN_SOURCE=600 -D_DEFAULT_SOURCE -g -I../lib -pedantic -Wall -W -Wmissing-prototypes -Wno-sign-compare -Wno-unused-parameter    modify_env.c ../libtlpi.a  ../libtlpi.a -o modify_env
make[1]: 离开目录“/mnt/hgfs/linux/tlpi-book/proc”
make[1]: 进入目录“/mnt/hgfs/linux/tlpi-book/proccred”
cc -std=c99 -D_XOPEN_SOURCE=600 -D_DEFAULT_SOURCE -g -I../lib -pedantic -Wall -W -Wmissing-prototypes -Wno-sign-compare -Wno-unused-parameter    idshow.c ../libtlpi.a  ../libtlpi.a -o idshow
make[1]: 离开目录“/mnt/hgfs/linux/tlpi-book/proccred”
make[1]: 进入目录“/mnt/hgfs/linux/tlpi-book/procexec”
cc -std=c99 -D_XOPEN_SOURCE=600 -D_DEFAULT_SOURCE -g -I../lib -pedantic -Wall -W -Wmissing-prototypes -Wno-sign-compare -Wno-unused-parameter    acct_on.c ../libtlpi.a  ../libtlpi.a -o acct_on
cc -std=c99 -D_XOPEN_SOURCE=600 -D_DEFAULT_SOURCE -g -I../lib -pedantic -Wall -W -Wmissing-prototypes -Wno-sign-compare -Wno-unused-parameter    acct_view.c ../libtlpi.a  ../libtlpi.a -o acct_view
cc -std=c99 -D_XOPEN_SOURCE=600 -D_DEFAULT_SOURCE -g -I../lib -pedantic -Wall -W -Wmissing-prototypes -Wno-sign-compare -Wno-unused-parameter    child_status.c ../libtlpi.a  ../libtlpi.a -o child_status
cc -std=c99 -D_XOPEN_SOURCE=600 -D_DEFAULT_SOURCE -g -I../lib -pedantic -Wall -W -Wmissing-prototypes -Wno-sign-compare -Wno-unused-parameter    closeonexec.c ../libtlpi.a  ../libtlpi.a -o closeonexec
cc -std=c99 -D_XOPEN_SOURCE=600 -D_DEFAULT_SOURCE -g -I../lib -pedantic -Wall -W -Wmissing-prototypes -Wno-sign-compare -Wno-unused-parameter    envargs.c ../libtlpi.a  ../libtlpi.a -o envargs
cc -std=c99 -D_XOPEN_SOURCE=600 -D_DEFAULT_SOURCE -g -I../lib -pedantic -Wall -W -Wmissing-prototypes -Wno-sign-compare -Wno-unused-parameter    exit_handlers.c ../libtlpi.a  ../libtlpi.a -o exit_handlers
cc -std=c99 -D_XOPEN_SOURCE=600 -D_DEFAULT_SOURCE -g -I../lib -pedantic -Wall -W -Wmissing-prototypes -Wno-sign-compare -Wno-unused-parameter    footprint.c ../libtlpi.a  ../libtlpi.a -o footprint
cc -std=c99 -D_XOPEN_SOURCE=600 -D_DEFAULT_SOURCE -g -I../lib -pedantic -Wall -W -Wmissing-prototypes -Wno-sign-compare -Wno-unused-parameter    fork_file_sharing.c ../libtlpi.a  ../libtlpi.a -o fork_file_sharing
cc -std=c99 -D_XOPEN_SOURCE=600 -D_DEFAULT_SOURCE -g -I../lib -pedantic -Wall -W -Wmissing-prototypes -Wno-sign-compare -Wno-unused-parameter    fork_sig_sync.c ../libtlpi.a  ../libtlpi.a -o fork_sig_sync
cc -std=c99 -D_XOPEN_SOURCE=600 -D_DEFAULT_SOURCE -g -I../lib -pedantic -Wall -W -Wmissing-prototypes -Wno-sign-compare -Wno-unused-parameter    fork_stdio_buf.c ../libtlpi.a  ../libtlpi.a -o fork_stdio_buf
cc -std=c99 -D_XOPEN_SOURCE=600 -D_DEFAULT_SOURCE -g -I../lib -pedantic -Wall -W -Wmissing-prototypes -Wno-sign-compare -Wno-unused-parameter    fork_whos_on_first.c ../libtlpi.a  ../libtlpi.a -o fork_whos_on_first
cc -std=c99 -D_XOPEN_SOURCE=600 -D_DEFAULT_SOURCE -g -I../lib -pedantic -Wall -W -Wmissing-prototypes -Wno-sign-compare -Wno-unused-parameter    make_zombie.c ../libtlpi.a  ../libtlpi.a -o make_zombie
cc -std=c99 -D_XOPEN_SOURCE=600 -D_DEFAULT_SOURCE -g -I../lib -pedantic -Wall -W -Wmissing-prototypes -Wno-sign-compare -Wno-unused-parameter    multi_SIGCHLD.c ../libtlpi.a  ../libtlpi.a -o multi_SIGCHLD
cc -std=c99 -D_XOPEN_SOURCE=600 -D_DEFAULT_SOURCE -g -I../lib -pedantic -Wall -W -Wmissing-prototypes -Wno-sign-compare -Wno-unused-parameter    multi_wait.c ../libtlpi.a  ../libtlpi.a -o multi_wait
cc -std=c99 -D_XOPEN_SOURCE=600 -D_DEFAULT_SOURCE -g -I../lib -pedantic -Wall -W -Wmissing-prototypes -Wno-sign-compare -Wno-unused-parameter    necho.c ../libtlpi.a  ../libtlpi.a -o necho
cc -std=c99 -D_XOPEN_SOURCE=600 -D_DEFAULT_SOURCE -g -I../lib -pedantic -Wall -W -Wmissing-prototypes -Wno-sign-compare -Wno-unused-parameter    orphan.c ../libtlpi.a  ../libtlpi.a -o orphan
cc -std=c99 -D_XOPEN_SOURCE=600 -D_DEFAULT_SOURCE -g -I../lib -pedantic -Wall -W -Wmissing-prototypes -Wno-sign-compare -Wno-unused-parameter    t_execl.c ../libtlpi.a  ../libtlpi.a -o t_execl
cc -std=c99 -D_XOPEN_SOURCE=600 -D_DEFAULT_SOURCE -g -I../lib -pedantic -Wall -W -Wmissing-prototypes -Wno-sign-compare -Wno-unused-parameter    t_execle.c ../libtlpi.a  ../libtlpi.a -o t_execle
cc -std=c99 -D_XOPEN_SOURCE=600 -D_DEFAULT_SOURCE -g -I../lib -pedantic -Wall -W -Wmissing-prototypes -Wno-sign-compare -Wno-unused-parameter    t_execve.c ../libtlpi.a  ../libtlpi.a -o t_execve
cc -std=c99 -D_XOPEN_SOURCE=600 -D_DEFAULT_SOURCE -g -I../lib -pedantic -Wall -W -Wmissing-prototypes -Wno-sign-compare -Wno-unused-parameter    t_execlp.c ../libtlpi.a  ../libtlpi.a -o t_execlp
cc -std=c99 -D_XOPEN_SOURCE=600 -D_DEFAULT_SOURCE -g -I../lib -pedantic -Wall -W -Wmissing-prototypes -Wno-sign-compare -Wno-unused-parameter    t_fork.c ../libtlpi.a  ../libtlpi.a -o t_fork
cc -std=c99 -D_XOPEN_SOURCE=600 -D_DEFAULT_SOURCE -g -I../lib -pedantic -Wall -W -Wmissing-prototypes -Wno-sign-compare -Wno-unused-parameter    t_system.c ../libtlpi.a  ../libtlpi.a -o t_system
cc -std=c99 -D_XOPEN_SOURCE=600 -D_DEFAULT_SOURCE -g -I../lib -pedantic -Wall -W -Wmissing-prototypes -Wno-sign-compare -Wno-unused-parameter    t_vfork.c ../libtlpi.a  ../libtlpi.a -o t_vfork
cc -std=c99 -D_XOPEN_SOURCE=600 -D_DEFAULT_SOURCE -g -I../lib -pedantic -Wall -W -Wmissing-prototypes -Wno-sign-compare -Wno-unused-parameter    vfork_fd_test.c ../libtlpi.a  ../libtlpi.a -o vfork_fd_test
cc -std=c99 -D_XOPEN_SOURCE=600 -D_DEFAULT_SOURCE -g -I../lib -pedantic -Wall -W -Wmissing-prototypes -Wno-sign-compare -Wno-unused-parameter    demo_clone.c ../libtlpi.a  ../libtlpi.a -o demo_clone
cc -std=c99 -D_XOPEN_SOURCE=600 -D_DEFAULT_SOURCE -g -I../lib -pedantic -Wall -W -Wmissing-prototypes -Wno-sign-compare -Wno-unused-parameter    t_clone.c ../libtlpi.a  ../libtlpi.a -o t_clone
cc -std=c99 -D_XOPEN_SOURCE=600 -D_DEFAULT_SOURCE -g -I../lib -pedantic -Wall -W -Wmissing-prototypes -Wno-sign-compare -Wno-unused-parameter    acct_v3_view.c ../libtlpi.a  ../libtlpi.a -o acct_v3_view
make[1]: 离开目录“/mnt/hgfs/linux/tlpi-book/procexec”
make[1]: 进入目录“/mnt/hgfs/linux/tlpi-book/procpri”
cc -std=c99 -D_XOPEN_SOURCE=600 -D_DEFAULT_SOURCE -g -I../lib -pedantic -Wall -W -Wmissing-prototypes -Wno-sign-compare -Wno-unused-parameter    sched_set.c ../libtlpi.a  ../libtlpi.a  -o sched_set
cc -std=c99 -D_XOPEN_SOURCE=600 -D_DEFAULT_SOURCE -g -I../lib -pedantic -Wall -W -Wmissing-prototypes -Wno-sign-compare -Wno-unused-parameter    sched_view.c ../libtlpi.a  ../libtlpi.a  -o sched_view
cc -std=c99 -D_XOPEN_SOURCE=600 -D_DEFAULT_SOURCE -g -I../lib -pedantic -Wall -W -Wmissing-prototypes -Wno-sign-compare -Wno-unused-parameter    t_setpriority.c ../libtlpi.a  ../libtlpi.a  -o t_setpriority
cc -std=c99 -D_XOPEN_SOURCE=600 -D_DEFAULT_SOURCE -g -I../lib -pedantic -Wall -W -Wmissing-prototypes -Wno-sign-compare -Wno-unused-parameter    demo_sched_fifo.c ../libtlpi.a  ../libtlpi.a  -o demo_sched_fifo
cc -std=c99 -D_XOPEN_SOURCE=600 -D_DEFAULT_SOURCE -g -I../lib -pedantic -Wall -W -Wmissing-prototypes -Wno-sign-compare -Wno-unused-parameter    t_sched_setaffinity.c ../libtlpi.a  ../libtlpi.a  -o t_sched_setaffinity
cc -std=c99 -D_XOPEN_SOURCE=600 -D_DEFAULT_SOURCE -g -I../lib -pedantic -Wall -W -Wmissing-prototypes -Wno-sign-compare -Wno-unused-parameter    t_sched_getaffinity.c ../libtlpi.a  ../libtlpi.a  -o t_sched_getaffinity
make[1]: 离开目录“/mnt/hgfs/linux/tlpi-book/procpri”
make[1]: 进入目录“/mnt/hgfs/linux/tlpi-book/procres”
cc -std=c99 -D_XOPEN_SOURCE=600 -D_DEFAULT_SOURCE -g -I../lib -pedantic -Wall -W -Wmissing-prototypes -Wno-sign-compare -Wno-unused-parameter    rusage.c ../libtlpi.a  ../libtlpi.a -o rusage
cc -std=c99 -D_XOPEN_SOURCE=600 -D_DEFAULT_SOURCE -g -I../lib -pedantic -Wall -W -Wmissing-prototypes -Wno-sign-compare -Wno-unused-parameter    rusage_wait.c ../libtlpi.a  ../libtlpi.a -o rusage_wait
cc -std=c99 -D_XOPEN_SOURCE=600 -D_DEFAULT_SOURCE -g -I../lib -pedantic -Wall -W -Wmissing-prototypes -Wno-sign-compare -Wno-unused-parameter    rlimit_nproc.c ../libtlpi.a  ../libtlpi.a -o rlimit_nproc
make[1]: 离开目录“/mnt/hgfs/linux/tlpi-book/procres”
make[1]: 进入目录“/mnt/hgfs/linux/tlpi-book/progconc”
cc -std=c99 -D_XOPEN_SOURCE=600 -D_DEFAULT_SOURCE -g -I../lib -pedantic -Wall -W -Wmissing-prototypes -Wno-sign-compare -Wno-unused-parameter    syscall_speed.c ../libtlpi.a  ../libtlpi.a -o syscall_speed
make[1]: 离开目录“/mnt/hgfs/linux/tlpi-book/progconc”
make[1]: 进入目录“/mnt/hgfs/linux/tlpi-book/psem”
cc -std=c99 -D_XOPEN_SOURCE=600 -D_DEFAULT_SOURCE -g -I../lib -pedantic -Wall -W -Wmissing-prototypes -Wno-sign-compare -Wno-unused-parameter -pthread    psem_getvalue.c ../libtlpi.a  ../libtlpi.a -pthread -o psem_getvalue
cc -std=c99 -D_XOPEN_SOURCE=600 -D_DEFAULT_SOURCE -g -I../lib -pedantic -Wall -W -Wmissing-prototypes -Wno-sign-compare -Wno-unused-parameter -pthread    psem_create.c ../libtlpi.a  ../libtlpi.a -pthread -o psem_create
cc -std=c99 -D_XOPEN_SOURCE=600 -D_DEFAULT_SOURCE -g -I../lib -pedantic -Wall -W -Wmissing-prototypes -Wno-sign-compare -Wno-unused-parameter -pthread    psem_post.c ../libtlpi.a  ../libtlpi.a -pthread -o psem_post
cc -std=c99 -D_XOPEN_SOURCE=600 -D_DEFAULT_SOURCE -g -I../lib -pedantic -Wall -W -Wmissing-prototypes -Wno-sign-compare -Wno-unused-parameter -pthread    psem_unlink.c ../libtlpi.a  ../libtlpi.a -pthread -o psem_unlink
cc -std=c99 -D_XOPEN_SOURCE=600 -D_DEFAULT_SOURCE -g -I../lib -pedantic -Wall -W -Wmissing-prototypes -Wno-sign-compare -Wno-unused-parameter -pthread   -c -o psem_timedwait.o psem_timedwait.c
cc -o psem_timedwait psem_timedwait.o -std=c99 -D_XOPEN_SOURCE=600 -D_DEFAULT_SOURCE -g -I../lib -pedantic -Wall -W -Wmissing-prototypes -Wno-sign-compare -Wno-unused-parameter -pthread ../libtlpi.a -pthread -lrt
cc -std=c99 -D_XOPEN_SOURCE=600 -D_DEFAULT_SOURCE -g -I../lib -pedantic -Wall -W -Wmissing-prototypes -Wno-sign-compare -Wno-unused-parameter -pthread    psem_trywait.c ../libtlpi.a  ../libtlpi.a -pthread -o psem_trywait
cc -std=c99 -D_XOPEN_SOURCE=600 -D_DEFAULT_SOURCE -g -I../lib -pedantic -Wall -W -Wmissing-prototypes -Wno-sign-compare -Wno-unused-parameter -pthread    psem_wait.c ../libtlpi.a  ../libtlpi.a -pthread -o psem_wait
cc -std=c99 -D_XOPEN_SOURCE=600 -D_DEFAULT_SOURCE -g -I../lib -pedantic -Wall -W -Wmissing-prototypes -Wno-sign-compare -Wno-unused-parameter -pthread    thread_incr_psem.c ../libtlpi.a  ../libtlpi.a -pthread -o thread_incr_psem
make[1]: 离开目录“/mnt/hgfs/linux/tlpi-book/psem”
make[1]: 进入目录“/mnt/hgfs/linux/tlpi-book/pshm”
cc -std=c99 -D_XOPEN_SOURCE=600 -D_DEFAULT_SOURCE -g -I../lib -pedantic -Wall -W -Wmissing-prototypes -Wno-sign-compare -Wno-unused-parameter    pshm_create.c ../libtlpi.a  ../libtlpi.a -lrt -o pshm_create
cc -std=c99 -D_XOPEN_SOURCE=600 -D_DEFAULT_SOURCE -g -I../lib -pedantic -Wall -W -Wmissing-prototypes -Wno-sign-compare -Wno-unused-parameter    pshm_read.c ../libtlpi.a  ../libtlpi.a -lrt -o pshm_read
cc -std=c99 -D_XOPEN_SOURCE=600 -D_DEFAULT_SOURCE -g -I../lib -pedantic -Wall -W -Wmissing-prototypes -Wno-sign-compare -Wno-unused-parameter    pshm_write.c ../libtlpi.a  ../libtlpi.a -lrt -o pshm_write
cc -std=c99 -D_XOPEN_SOURCE=600 -D_DEFAULT_SOURCE -g -I../lib -pedantic -Wall -W -Wmissing-prototypes -Wno-sign-compare -Wno-unused-parameter    pshm_unlink.c ../libtlpi.a  ../libtlpi.a -lrt -o pshm_unlink
make[1]: 离开目录“/mnt/hgfs/linux/tlpi-book/pshm”
make[1]: 进入目录“/mnt/hgfs/linux/tlpi-book/pty”
cc -std=c99 -D_XOPEN_SOURCE=600 -D_DEFAULT_SOURCE -g -I../lib -pedantic -Wall -W -Wmissing-prototypes -Wno-sign-compare -Wno-unused-parameter    script.c ../libtlpi.a  ../libtlpi.a -o script
cc -std=c99 -D_XOPEN_SOURCE=600 -D_DEFAULT_SOURCE -g -I../lib -pedantic -Wall -W -Wmissing-prototypes -Wno-sign-compare -Wno-unused-parameter    unbuffer.c ../libtlpi.a  ../libtlpi.a -o unbuffer
make[1]: 离开目录“/mnt/hgfs/linux/tlpi-book/pty”
make[1]: 进入目录“/mnt/hgfs/linux/tlpi-book/shlibs”
cc -std=c99 -D_XOPEN_SOURCE=600 -D_DEFAULT_SOURCE -g -I../lib -pedantic -Wall -W -Wmissing-prototypes -Wno-sign-compare -Wno-unused-parameter   -c -o dynload.o dynload.c
cc -o dynload dynload.o -std=c99 -D_XOPEN_SOURCE=600 -D_DEFAULT_SOURCE -g -I../lib -pedantic -Wall -W -Wmissing-prototypes -Wno-sign-compare -Wno-unused-parameter ../libtlpi.a -ldl
make[1]: 离开目录“/mnt/hgfs/linux/tlpi-book/shlibs”
make[1]: 进入目录“/mnt/hgfs/linux/tlpi-book/signals”
cc -std=c99 -D_XOPEN_SOURCE=600 -D_DEFAULT_SOURCE -g -I../lib -pedantic -Wall -W -Wmissing-prototypes -Wno-sign-compare -Wno-unused-parameter    catch_rtsigs.c ../libtlpi.a  ../libtlpi.a -o catch_rtsigs
cc -std=c99 -D_XOPEN_SOURCE=600 -D_DEFAULT_SOURCE -g -I../lib -pedantic -Wall -W -Wmissing-prototypes -Wno-sign-compare -Wno-unused-parameter    demo_SIGFPE.c ../libtlpi.a  ../libtlpi.a -o demo_SIGFPE
cc -std=c99 -D_XOPEN_SOURCE=600 -D_DEFAULT_SOURCE -g -I../lib -pedantic -Wall -W -Wmissing-prototypes -Wno-sign-compare -Wno-unused-parameter    ignore_pending_sig.c ../libtlpi.a  ../libtlpi.a -o ignore_pending_sig
cc -D_BSD_SOURCE -o intquit intquit.c -std=c99 -D_XOPEN_SOURCE=600 -D_DEFAULT_SOURCE -g -I../lib -pedantic -Wall -W -Wmissing-prototypes -Wno-sign-compare -Wno-unused-parameter ../libtlpi.a
cc -std=c99 -D_XOPEN_SOURCE=600 -D_DEFAULT_SOURCE -g -I../lib -pedantic -Wall -W -Wmissing-prototypes -Wno-sign-compare -Wno-unused-parameter   -c -o nonreentrant.o nonreentrant.c
cc -o nonreentrant nonreentrant.o -std=c99 -D_XOPEN_SOURCE=600 -D_DEFAULT_SOURCE -g -I../lib -pedantic -Wall -W -Wmissing-prototypes -Wno-sign-compare -Wno-unused-parameter ../libtlpi.a -lcrypt
cc -D_BSD_SOURCE -o ouch ouch.c -std=c99 -D_XOPEN_SOURCE=600 -D_DEFAULT_SOURCE -g -I../lib -pedantic -Wall -W -Wmissing-prototypes -Wno-sign-compare -Wno-unused-parameter ../libtlpi.a
cc -D_BSD_SOURCE -o sig_receiver sig_receiver.c -std=c99 -D_XOPEN_SOURCE=600 -D_DEFAULT_SOURCE -g -I../lib -pedantic -Wall -W -Wmissing-prototypes -Wno-sign-compare -Wno-unused-parameter ../libtlpi.a
cc -std=c99 -D_XOPEN_SOURCE=600 -D_DEFAULT_SOURCE -g -I../lib -pedantic -Wall -W -Wmissing-prototypes -Wno-sign-compare -Wno-unused-parameter    sig_sender.c ../libtlpi.a  ../libtlpi.a -o sig_sender
cc -std=c99 -D_XOPEN_SOURCE=600 -D_DEFAULT_SOURCE -g -I../lib -pedantic -Wall -W -Wmissing-prototypes -Wno-sign-compare -Wno-unused-parameter    sig_speed_sigsuspend.c ../libtlpi.a  ../libtlpi.a -o sig_speed_sigsuspend
cc -std=c99 -D_XOPEN_SOURCE=600 -D_DEFAULT_SOURCE -g -I../lib -pedantic -Wall -W -Wmissing-prototypes -Wno-sign-compare -Wno-unused-parameter    sigmask_longjmp.c ../libtlpi.a  ../libtlpi.a -o sigmask_longjmp
cc -o sigmask_siglongjmp.o -DUSE_SIGSETJMP -c sigmask_longjmp.c -std=c99 -D_XOPEN_SOURCE=600 -D_DEFAULT_SOURCE -g -I../lib -pedantic -Wall -W -Wmissing-prototypes -Wno-sign-compare -Wno-unused-parameter
cc   sigmask_siglongjmp.o ../libtlpi.a  ../libtlpi.a -o sigmask_siglongjmp
cc -std=c99 -D_XOPEN_SOURCE=600 -D_DEFAULT_SOURCE -g -I../lib -pedantic -Wall -W -Wmissing-prototypes -Wno-sign-compare -Wno-unused-parameter    t_kill.c ../libtlpi.a  ../libtlpi.a -o t_kill
cc -std=c99 -D_XOPEN_SOURCE=600 -D_DEFAULT_SOURCE -g -I../lib -pedantic -Wall -W -Wmissing-prototypes -Wno-sign-compare -Wno-unused-parameter    t_sigaltstack.c ../libtlpi.a  ../libtlpi.a -o t_sigaltstack
cc -std=c99 -D_XOPEN_SOURCE=600 -D_DEFAULT_SOURCE -g -I../lib -pedantic -Wall -W -Wmissing-prototypes -Wno-sign-compare -Wno-unused-parameter    t_sigsuspend.c ../libtlpi.a  ../libtlpi.a -o t_sigsuspend
cc -std=c99 -D_XOPEN_SOURCE=600 -D_DEFAULT_SOURCE -g -I../lib -pedantic -Wall -W -Wmissing-prototypes -Wno-sign-compare -Wno-unused-parameter    t_sigqueue.c ../libtlpi.a  ../libtlpi.a -o t_sigqueue
cc -std=c99 -D_XOPEN_SOURCE=600 -D_DEFAULT_SOURCE -g -I../lib -pedantic -Wall -W -Wmissing-prototypes -Wno-sign-compare -Wno-unused-parameter    t_sigwaitinfo.c ../libtlpi.a  ../libtlpi.a -o t_sigwaitinfo
cc -std=c99 -D_XOPEN_SOURCE=600 -D_DEFAULT_SOURCE -g -I../lib -pedantic -Wall -W -Wmissing-prototypes -Wno-sign-compare -Wno-unused-parameter    signalfd_sigval.c ../libtlpi.a  ../libtlpi.a -o signalfd_sigval
make[1]: 离开目录“/mnt/hgfs/linux/tlpi-book/signals”
make[1]: 进入目录“/mnt/hgfs/linux/tlpi-book/sockets”
cc -std=c99 -D_XOPEN_SOURCE=600 -D_DEFAULT_SOURCE -g -I../lib -pedantic -Wall -W -Wmissing-prototypes -Wno-sign-compare -Wno-unused-parameter   -c -o i6d_ucase_sv.o i6d_ucase_sv.c
cc   i6d_ucase_sv.o ../libtlpi.a  ../libtlpi.a -o i6d_ucase_sv
cc -std=c99 -D_XOPEN_SOURCE=600 -D_DEFAULT_SOURCE -g -I../lib -pedantic -Wall -W -Wmissing-prototypes -Wno-sign-compare -Wno-unused-parameter   -c -o i6d_ucase_cl.o i6d_ucase_cl.c
cc   i6d_ucase_cl.o ../libtlpi.a  ../libtlpi.a -o i6d_ucase_cl
cc -std=c99 -D_XOPEN_SOURCE=600 -D_DEFAULT_SOURCE -g -I../lib -pedantic -Wall -W -Wmissing-prototypes -Wno-sign-compare -Wno-unused-parameter   -c -o id_echo_cl.o id_echo_cl.c
cc   id_echo_cl.o ../libtlpi.a  ../libtlpi.a -o id_echo_cl
cc -std=c99 -D_XOPEN_SOURCE=600 -D_DEFAULT_SOURCE -g -I../lib -pedantic -Wall -W -Wmissing-prototypes -Wno-sign-compare -Wno-unused-parameter   -c -o id_echo_sv.o id_echo_sv.c
cc   id_echo_sv.o ../libtlpi.a  ../libtlpi.a -o id_echo_sv
cc -std=c99 -D_XOPEN_SOURCE=600 -D_DEFAULT_SOURCE -g -I../lib -pedantic -Wall -W -Wmissing-prototypes -Wno-sign-compare -Wno-unused-parameter    is_echo_cl.c ../libtlpi.a  ../libtlpi.a -o is_echo_cl
cc -std=c99 -D_XOPEN_SOURCE=600 -D_DEFAULT_SOURCE -g -I../lib -pedantic -Wall -W -Wmissing-prototypes -Wno-sign-compare -Wno-unused-parameter    is_echo_sv.c ../libtlpi.a  ../libtlpi.a -o is_echo_sv
cc -std=c99 -D_XOPEN_SOURCE=600 -D_DEFAULT_SOURCE -g -I../lib -pedantic -Wall -W -Wmissing-prototypes -Wno-sign-compare -Wno-unused-parameter    is_echo_inetd_sv.c ../libtlpi.a  ../libtlpi.a -o is_echo_inetd_sv
cc -std=c99 -D_XOPEN_SOURCE=600 -D_DEFAULT_SOURCE -g -I../lib -pedantic -Wall -W -Wmissing-prototypes -Wno-sign-compare -Wno-unused-parameter    is_echo_v2_sv.c ../libtlpi.a  ../libtlpi.a -o is_echo_v2_sv
cc -std=c99 -D_XOPEN_SOURCE=600 -D_DEFAULT_SOURCE -g -I../lib -pedantic -Wall -W -Wmissing-prototypes -Wno-sign-compare -Wno-unused-parameter   -c -o is_seqnum_sv.o is_seqnum_sv.c
cc   is_seqnum_sv.o ../libtlpi.a  ../libtlpi.a -o is_seqnum_sv
cc -std=c99 -D_XOPEN_SOURCE=600 -D_DEFAULT_SOURCE -g -I../lib -pedantic -Wall -W -Wmissing-prototypes -Wno-sign-compare -Wno-unused-parameter   -c -o is_seqnum_cl.o is_seqnum_cl.c
cc   is_seqnum_cl.o ../libtlpi.a  ../libtlpi.a -o is_seqnum_cl
cc -std=c99 -D_XOPEN_SOURCE=600 -D_DEFAULT_SOURCE -g -I../lib -pedantic -Wall -W -Wmissing-prototypes -Wno-sign-compare -Wno-unused-parameter   -c -o is_seqnum_v2_sv.o is_seqnum_v2_sv.c
cc   is_seqnum_v2_sv.o ../libtlpi.a  ../libtlpi.a -o is_seqnum_v2_sv
cc -std=c99 -D_XOPEN_SOURCE=600 -D_DEFAULT_SOURCE -g -I../lib -pedantic -Wall -W -Wmissing-prototypes -Wno-sign-compare -Wno-unused-parameter   -c -o is_seqnum_v2_cl.o is_seqnum_v2_cl.c
cc   is_seqnum_v2_cl.o ../libtlpi.a  ../libtlpi.a -o is_seqnum_v2_cl
cc -std=c99 -D_XOPEN_SOURCE=600 -D_DEFAULT_SOURCE -g -I../lib -pedantic -Wall -W -Wmissing-prototypes -Wno-sign-compare -Wno-unused-parameter    socknames.c ../libtlpi.a  ../libtlpi.a -o socknames
cc -std=c99 -D_XOPEN_SOURCE=600 -D_DEFAULT_SOURCE -g -I../lib -pedantic -Wall -W -Wmissing-prototypes -Wno-sign-compare -Wno-unused-parameter    t_gethostbyname.c ../libtlpi.a  ../libtlpi.a -o t_gethostbyname
cc -std=c99 -D_XOPEN_SOURCE=600 -D_DEFAULT_SOURCE -g -I../lib -pedantic -Wall -W -Wmissing-prototypes -Wno-sign-compare -Wno-unused-parameter    t_getservbyname.c ../libtlpi.a  ../libtlpi.a -o t_getservbyname
cc -std=c99 -D_XOPEN_SOURCE=600 -D_DEFAULT_SOURCE -g -I../lib -pedantic -Wall -W -Wmissing-prototypes -Wno-sign-compare -Wno-unused-parameter   -c -o ud_ucase_sv.o ud_ucase_sv.c
cc   ud_ucase_sv.o ../libtlpi.a  ../libtlpi.a -o ud_ucase_sv
cc -std=c99 -D_XOPEN_SOURCE=600 -D_DEFAULT_SOURCE -g -I../lib -pedantic -Wall -W -Wmissing-prototypes -Wno-sign-compare -Wno-unused-parameter   -c -o ud_ucase_cl.o ud_ucase_cl.c
cc   ud_ucase_cl.o ../libtlpi.a  ../libtlpi.a -o ud_ucase_cl
cc -std=c99 -D_XOPEN_SOURCE=600 -D_DEFAULT_SOURCE -g -I../lib -pedantic -Wall -W -Wmissing-prototypes -Wno-sign-compare -Wno-unused-parameter   -c -o us_xfr_cl.o us_xfr_cl.c
cc   us_xfr_cl.o ../libtlpi.a  ../libtlpi.a -o us_xfr_cl
cc -std=c99 -D_XOPEN_SOURCE=600 -D_DEFAULT_SOURCE -g -I../lib -pedantic -Wall -W -Wmissing-prototypes -Wno-sign-compare -Wno-unused-parameter   -c -o us_xfr_sv.o us_xfr_sv.c
cc   us_xfr_sv.o ../libtlpi.a  ../libtlpi.a -o us_xfr_sv
cc -std=c99 -D_XOPEN_SOURCE=600 -D_DEFAULT_SOURCE -g -I../lib -pedantic -Wall -W -Wmissing-prototypes -Wno-sign-compare -Wno-unused-parameter   -c -o us_xfr_v2_cl.o us_xfr_v2_cl.c
cc   us_xfr_v2_cl.o ../libtlpi.a  ../libtlpi.a -o us_xfr_v2_cl
cc -std=c99 -D_XOPEN_SOURCE=600 -D_DEFAULT_SOURCE -g -I../lib -pedantic -Wall -W -Wmissing-prototypes -Wno-sign-compare -Wno-unused-parameter   -c -o us_xfr_v2_sv.o us_xfr_v2_sv.c
cc   us_xfr_v2_sv.o ../libtlpi.a  ../libtlpi.a -o us_xfr_v2_sv
cc -std=c99 -D_XOPEN_SOURCE=600 -D_DEFAULT_SOURCE -g -I../lib -pedantic -Wall -W -Wmissing-prototypes -Wno-sign-compare -Wno-unused-parameter    list_host_addresses.c ../libtlpi.a  ../libtlpi.a -o list_host_addresses
cc -std=c99 -D_XOPEN_SOURCE=600 -D_DEFAULT_SOURCE -g -I../lib -pedantic -Wall -W -Wmissing-prototypes -Wno-sign-compare -Wno-unused-parameter   -c -o scm_cred_recv.o scm_cred_recv.c
cc   scm_cred_recv.o ../libtlpi.a  ../libtlpi.a -o scm_cred_recv
cc -std=c99 -D_XOPEN_SOURCE=600 -D_DEFAULT_SOURCE -g -I../lib -pedantic -Wall -W -Wmissing-prototypes -Wno-sign-compare -Wno-unused-parameter   -c -o scm_cred_send.o scm_cred_send.c
cc   scm_cred_send.o ../libtlpi.a  ../libtlpi.a -o scm_cred_send
cc -std=c99 -D_XOPEN_SOURCE=600 -D_DEFAULT_SOURCE -g -I../lib -pedantic -Wall -W -Wmissing-prototypes -Wno-sign-compare -Wno-unused-parameter   -c -o scm_multi_recv.o scm_multi_recv.c
cc   scm_multi_recv.o ../libtlpi.a  ../libtlpi.a -o scm_multi_recv
cc -std=c99 -D_XOPEN_SOURCE=600 -D_DEFAULT_SOURCE -g -I../lib -pedantic -Wall -W -Wmissing-prototypes -Wno-sign-compare -Wno-unused-parameter   -c -o scm_multi_send.o scm_multi_send.c
cc   scm_multi_send.o ../libtlpi.a  ../libtlpi.a -o scm_multi_send
cc -std=c99 -D_XOPEN_SOURCE=600 -D_DEFAULT_SOURCE -g -I../lib -pedantic -Wall -W -Wmissing-prototypes -Wno-sign-compare -Wno-unused-parameter   -c -o scm_rights_recv.o scm_rights_recv.c
cc   scm_rights_recv.o ../libtlpi.a  ../libtlpi.a -o scm_rights_recv
cc -std=c99 -D_XOPEN_SOURCE=600 -D_DEFAULT_SOURCE -g -I../lib -pedantic -Wall -W -Wmissing-prototypes -Wno-sign-compare -Wno-unused-parameter   -c -o scm_rights_send.o scm_rights_send.c
cc   scm_rights_send.o ../libtlpi.a  ../libtlpi.a -o scm_rights_send
cc -std=c99 -D_XOPEN_SOURCE=600 -D_DEFAULT_SOURCE -g -I../lib -pedantic -Wall -W -Wmissing-prototypes -Wno-sign-compare -Wno-unused-parameter    us_abstract_bind.c ../libtlpi.a  ../libtlpi.a -o us_abstract_bind
make[1]: 离开目录“/mnt/hgfs/linux/tlpi-book/sockets”
make[1]: 进入目录“/mnt/hgfs/linux/tlpi-book/svipc”
cc -std=c99 -D_XOPEN_SOURCE=600 -D_DEFAULT_SOURCE -g -I../lib -pedantic -Wall -W -Wmissing-prototypes -Wno-sign-compare -Wno-unused-parameter    svmsg_demo_server.c ../libtlpi.a  ../libtlpi.a -o svmsg_demo_server
cc -std=c99 -D_XOPEN_SOURCE=600 -D_DEFAULT_SOURCE -g -I../lib -pedantic -Wall -W -Wmissing-prototypes -Wno-sign-compare -Wno-unused-parameter    t_ftok.c ../libtlpi.a  ../libtlpi.a -o t_ftok
make[1]: 离开目录“/mnt/hgfs/linux/tlpi-book/svipc”
make[1]: 进入目录“/mnt/hgfs/linux/tlpi-book/svmsg”
cc -std=c99 -D_XOPEN_SOURCE=600 -D_DEFAULT_SOURCE -g -I../lib -pedantic -Wall -W -Wmissing-prototypes -Wno-sign-compare -Wno-unused-parameter    svmsg_chqbytes.c ../libtlpi.a  ../libtlpi.a -o svmsg_chqbytes
cc -std=c99 -D_XOPEN_SOURCE=600 -D_DEFAULT_SOURCE -g -I../lib -pedantic -Wall -W -Wmissing-prototypes -Wno-sign-compare -Wno-unused-parameter   -c -o svmsg_file_client.o svmsg_file_client.c
cc   svmsg_file_client.o ../libtlpi.a  ../libtlpi.a -o svmsg_file_client
cc -std=c99 -D_XOPEN_SOURCE=600 -D_DEFAULT_SOURCE -g -I../lib -pedantic -Wall -W -Wmissing-prototypes -Wno-sign-compare -Wno-unused-parameter   -c -o svmsg_file_server.o svmsg_file_server.c
cc   svmsg_file_server.o ../libtlpi.a  ../libtlpi.a -o svmsg_file_server
cc -std=c99 -D_XOPEN_SOURCE=600 -D_DEFAULT_SOURCE -g -I../lib -pedantic -Wall -W -Wmissing-prototypes -Wno-sign-compare -Wno-unused-parameter    svmsg_create.c ../libtlpi.a  ../libtlpi.a -o svmsg_create
cc -std=c99 -D_XOPEN_SOURCE=600 -D_DEFAULT_SOURCE -g -I../lib -pedantic -Wall -W -Wmissing-prototypes -Wno-sign-compare -Wno-unused-parameter    svmsg_receive.c ../libtlpi.a  ../libtlpi.a -o svmsg_receive
cc -std=c99 -D_XOPEN_SOURCE=600 -D_DEFAULT_SOURCE -g -I../lib -pedantic -Wall -W -Wmissing-prototypes -Wno-sign-compare -Wno-unused-parameter    svmsg_rm.c ../libtlpi.a  ../libtlpi.a -o svmsg_rm
cc -std=c99 -D_XOPEN_SOURCE=600 -D_DEFAULT_SOURCE -g -I../lib -pedantic -Wall -W -Wmissing-prototypes -Wno-sign-compare -Wno-unused-parameter    svmsg_send.c ../libtlpi.a  ../libtlpi.a -o svmsg_send
cc -std=c99 -D_XOPEN_SOURCE=600 -D_DEFAULT_SOURCE -g -I../lib -pedantic -Wall -W -Wmissing-prototypes -Wno-sign-compare -Wno-unused-parameter    svmsg_info.c ../libtlpi.a  ../libtlpi.a -o svmsg_info
cc -std=c99 -D_XOPEN_SOURCE=600 -D_DEFAULT_SOURCE -g -I../lib -pedantic -Wall -W -Wmissing-prototypes -Wno-sign-compare -Wno-unused-parameter    svmsg_ls.c ../libtlpi.a  ../libtlpi.a -o svmsg_ls
make[1]: 离开目录“/mnt/hgfs/linux/tlpi-book/svmsg”
make[1]: 进入目录“/mnt/hgfs/linux/tlpi-book/svsem”
cc -std=c99 -D_XOPEN_SOURCE=600 -D_DEFAULT_SOURCE -g -I../lib -pedantic -Wall -W -Wmissing-prototypes -Wno-sign-compare -Wno-unused-parameter    svsem_create.c ../libtlpi.a  ../libtlpi.a -o svsem_create
cc -std=c99 -D_XOPEN_SOURCE=600 -D_DEFAULT_SOURCE -g -I../lib -pedantic -Wall -W -Wmissing-prototypes -Wno-sign-compare -Wno-unused-parameter    svsem_demo.c ../libtlpi.a  ../libtlpi.a -o svsem_demo
cc -std=c99 -D_XOPEN_SOURCE=600 -D_DEFAULT_SOURCE -g -I../lib -pedantic -Wall -W -Wmissing-prototypes -Wno-sign-compare -Wno-unused-parameter    svsem_mon.c ../libtlpi.a  ../libtlpi.a -o svsem_mon
cc -std=c99 -D_XOPEN_SOURCE=600 -D_DEFAULT_SOURCE -g -I../lib -pedantic -Wall -W -Wmissing-prototypes -Wno-sign-compare -Wno-unused-parameter    svsem_op.c ../libtlpi.a  ../libtlpi.a -o svsem_op
cc -std=c99 -D_XOPEN_SOURCE=600 -D_DEFAULT_SOURCE -g -I../lib -pedantic -Wall -W -Wmissing-prototypes -Wno-sign-compare -Wno-unused-parameter    svsem_rm.c ../libtlpi.a  ../libtlpi.a -o svsem_rm
cc -std=c99 -D_XOPEN_SOURCE=600 -D_DEFAULT_SOURCE -g -I../lib -pedantic -Wall -W -Wmissing-prototypes -Wno-sign-compare -Wno-unused-parameter    svsem_setall.c ../libtlpi.a  ../libtlpi.a -o svsem_setall
cc -std=c99 -D_XOPEN_SOURCE=600 -D_DEFAULT_SOURCE -g -I../lib -pedantic -Wall -W -Wmissing-prototypes -Wno-sign-compare -Wno-unused-parameter    svsem_info.c ../libtlpi.a  ../libtlpi.a -o svsem_info
make[1]: 离开目录“/mnt/hgfs/linux/tlpi-book/svsem”
make[1]: 进入目录“/mnt/hgfs/linux/tlpi-book/svshm”
cc -std=c99 -D_XOPEN_SOURCE=600 -D_DEFAULT_SOURCE -g -I../lib -pedantic -Wall -W -Wmissing-prototypes -Wno-sign-compare -Wno-unused-parameter    svshm_attach.c ../libtlpi.a  ../libtlpi.a -o svshm_attach
cc -std=c99 -D_XOPEN_SOURCE=600 -D_DEFAULT_SOURCE -g -I../lib -pedantic -Wall -W -Wmissing-prototypes -Wno-sign-compare -Wno-unused-parameter    svshm_create.c ../libtlpi.a  ../libtlpi.a -o svshm_create
cc -std=c99 -D_XOPEN_SOURCE=600 -D_DEFAULT_SOURCE -g -I../lib -pedantic -Wall -W -Wmissing-prototypes -Wno-sign-compare -Wno-unused-parameter    svshm_mon.c ../libtlpi.a  ../libtlpi.a -o svshm_mon
cc -std=c99 -D_XOPEN_SOURCE=600 -D_DEFAULT_SOURCE -g -I../lib -pedantic -Wall -W -Wmissing-prototypes -Wno-sign-compare -Wno-unused-parameter    svshm_rm.c ../libtlpi.a  ../libtlpi.a -o svshm_rm
cc -std=c99 -D_XOPEN_SOURCE=600 -D_DEFAULT_SOURCE -g -I../lib -pedantic -Wall -W -Wmissing-prototypes -Wno-sign-compare -Wno-unused-parameter   -c -o svshm_xfr_reader.o svshm_xfr_reader.c
cc   svshm_xfr_reader.o ../libtlpi.a  ../libtlpi.a -o svshm_xfr_reader
cc -std=c99 -D_XOPEN_SOURCE=600 -D_DEFAULT_SOURCE -g -I../lib -pedantic -Wall -W -Wmissing-prototypes -Wno-sign-compare -Wno-unused-parameter   -c -o svshm_xfr_writer.o svshm_xfr_writer.c
cc   svshm_xfr_writer.o ../libtlpi.a  ../libtlpi.a -o svshm_xfr_writer
cc -std=c99 -D_XOPEN_SOURCE=600 -D_DEFAULT_SOURCE -g -I../lib -pedantic -Wall -W -Wmissing-prototypes -Wno-sign-compare -Wno-unused-parameter    svshm_info.c ../libtlpi.a  ../libtlpi.a -o svshm_info
cc -std=c99 -D_XOPEN_SOURCE=600 -D_DEFAULT_SOURCE -g -I../lib -pedantic -Wall -W -Wmissing-prototypes -Wno-sign-compare -Wno-unused-parameter    svshm_lock.c ../libtlpi.a  ../libtlpi.a -o svshm_lock
cc -std=c99 -D_XOPEN_SOURCE=600 -D_DEFAULT_SOURCE -g -I../lib -pedantic -Wall -W -Wmissing-prototypes -Wno-sign-compare -Wno-unused-parameter    svshm_unlock.c ../libtlpi.a  ../libtlpi.a -o svshm_unlock
make[1]: 离开目录“/mnt/hgfs/linux/tlpi-book/svshm”
make[1]: 进入目录“/mnt/hgfs/linux/tlpi-book/sysinfo”
cc -std=c99 -D_XOPEN_SOURCE=600 -D_DEFAULT_SOURCE -g -I../lib -pedantic -Wall -W -Wmissing-prototypes -Wno-sign-compare -Wno-unused-parameter    t_uname.c ../libtlpi.a  ../libtlpi.a -o t_uname
cc -std=c99 -D_XOPEN_SOURCE=600 -D_DEFAULT_SOURCE -g -I../lib -pedantic -Wall -W -Wmissing-prototypes -Wno-sign-compare -Wno-unused-parameter    procfs_pidmax.c ../libtlpi.a  ../libtlpi.a -o procfs_pidmax
cc -std=c99 -D_XOPEN_SOURCE=600 -D_DEFAULT_SOURCE -g -I../lib -pedantic -Wall -W -Wmissing-prototypes -Wno-sign-compare -Wno-unused-parameter    procfs_user_exe.c ../libtlpi.a  ../libtlpi.a -o procfs_user_exe
make[1]: 离开目录“/mnt/hgfs/linux/tlpi-book/sysinfo”
make[1]: 进入目录“/mnt/hgfs/linux/tlpi-book/syslim”
cc -std=c99 -D_XOPEN_SOURCE=600 -D_DEFAULT_SOURCE -g -I../lib -pedantic -Wall -W -Wmissing-prototypes -Wno-sign-compare -Wno-unused-parameter    t_fpathconf.c ../libtlpi.a  ../libtlpi.a -o t_fpathconf
cc -std=c99 -D_XOPEN_SOURCE=600 -D_DEFAULT_SOURCE -g -I../lib -pedantic -Wall -W -Wmissing-prototypes -Wno-sign-compare -Wno-unused-parameter    t_sysconf.c ../libtlpi.a  ../libtlpi.a -o t_sysconf
make[1]: 离开目录“/mnt/hgfs/linux/tlpi-book/syslim”
make[1]: 进入目录“/mnt/hgfs/linux/tlpi-book/threads”
cc -std=c99 -D_XOPEN_SOURCE=600 -D_DEFAULT_SOURCE -g -I../lib -pedantic -Wall -W -Wmissing-prototypes -Wno-sign-compare -Wno-unused-parameter -pthread    detached_attrib.c ../libtlpi.a  ../libtlpi.a -pthread -o detached_attrib
cc -std=c99 -D_XOPEN_SOURCE=600 -D_DEFAULT_SOURCE -g -I../lib -pedantic -Wall -W -Wmissing-prototypes -Wno-sign-compare -Wno-unused-parameter -pthread    one_time_init.c ../libtlpi.a  ../libtlpi.a -pthread -o one_time_init
cc -std=c99 -D_XOPEN_SOURCE=600 -D_DEFAULT_SOURCE -g -I../lib -pedantic -Wall -W -Wmissing-prototypes -Wno-sign-compare -Wno-unused-parameter -pthread    prod_condvar.c ../libtlpi.a  ../libtlpi.a -pthread -o prod_condvar
cc -std=c99 -D_XOPEN_SOURCE=600 -D_DEFAULT_SOURCE -g -I../lib -pedantic -Wall -W -Wmissing-prototypes -Wno-sign-compare -Wno-unused-parameter -pthread    prod_no_condvar.c ../libtlpi.a  ../libtlpi.a -pthread -o prod_no_condvar
cc -std=c99 -D_XOPEN_SOURCE=600 -D_DEFAULT_SOURCE -g -I../lib -pedantic -Wall -W -Wmissing-prototypes -Wno-sign-compare -Wno-unused-parameter -pthread    pthread_barrier_demo.c ../libtlpi.a  ../libtlpi.a -pthread -o pthread_barrier_demo
cc -std=c99 -D_XOPEN_SOURCE=600 -D_DEFAULT_SOURCE -g -I../lib -pedantic -Wall -W -Wmissing-prototypes -Wno-sign-compare -Wno-unused-parameter -pthread    simple_thread.c ../libtlpi.a  ../libtlpi.a -pthread -o simple_thread
cc -std=c99 -D_XOPEN_SOURCE=600 -D_DEFAULT_SOURCE -g -I../lib -pedantic -Wall -W -Wmissing-prototypes -Wno-sign-compare -Wno-unused-parameter -pthread   -c -o strerror_test.o strerror_test.c
cc -std=c99 -D_XOPEN_SOURCE=600 -D_DEFAULT_SOURCE -g -I../lib -pedantic -Wall -W -Wmissing-prototypes -Wno-sign-compare -Wno-unused-parameter -pthread   -c -o strerror.o strerror.c
cc -o strerror_test strerror_test.o strerror.o \
	-std=c99 -D_XOPEN_SOURCE=600 -D_DEFAULT_SOURCE -g -I../lib -pedantic -Wall -W -Wmissing-prototypes -Wno-sign-compare -Wno-unused-parameter -pthread ../libtlpi.a -pthread
cc -std=c99 -D_XOPEN_SOURCE=600 -D_DEFAULT_SOURCE -g -I../lib -pedantic -Wall -W -Wmissing-prototypes -Wno-sign-compare -Wno-unused-parameter -pthread   -c -o strerror_tsd.o strerror_tsd.c
cc -o strerror_test_tsd strerror_test.o strerror_tsd.o \
	-std=c99 -D_XOPEN_SOURCE=600 -D_DEFAULT_SOURCE -g -I../lib -pedantic -Wall -W -Wmissing-prototypes -Wno-sign-compare -Wno-unused-parameter -pthread ../libtlpi.a -pthread
cc -std=c99 -D_XOPEN_SOURCE=600 -D_DEFAULT_SOURCE -g -I../lib -pedantic -Wall -W -Wmissing-prototypes -Wno-sign-compare -Wno-unused-parameter -pthread    thread_cancel.c ../libtlpi.a  ../libtlpi.a -pthread -o thread_cancel
cc -std=c99 -D_XOPEN_SOURCE=600 -D_DEFAULT_SOURCE -g -I../lib -pedantic -Wall -W -Wmissing-prototypes -Wno-sign-compare -Wno-unused-parameter -pthread    thread_cleanup.c ../libtlpi.a  ../libtlpi.a -pthread -o thread_cleanup
cc -std=c99 -D_XOPEN_SOURCE=600 -D_DEFAULT_SOURCE -g -I../lib -pedantic -Wall -W -Wmissing-prototypes -Wno-sign-compare -Wno-unused-parameter -pthread    thread_incr.c ../libtlpi.a  ../libtlpi.a -pthread -o thread_incr
cc -std=c99 -D_XOPEN_SOURCE=600 -D_DEFAULT_SOURCE -g -I../lib -pedantic -Wall -W -Wmissing-prototypes -Wno-sign-compare -Wno-unused-parameter -pthread    thread_incr_mutex.c ../libtlpi.a  ../libtlpi.a -pthread -o thread_incr_mutex
cc -std=c99 -D_XOPEN_SOURCE=600 -D_DEFAULT_SOURCE -g -I../lib -pedantic -Wall -W -Wmissing-prototypes -Wno-sign-compare -Wno-unused-parameter -pthread    thread_incr_rwlock.c ../libtlpi.a  ../libtlpi.a -pthread -o thread_incr_rwlock
cc -std=c99 -D_XOPEN_SOURCE=600 -D_DEFAULT_SOURCE -g -I../lib -pedantic -Wall -W -Wmissing-prototypes -Wno-sign-compare -Wno-unused-parameter -pthread    thread_incr_spinlock.c ../libtlpi.a  ../libtlpi.a -pthread -o thread_incr_spinlock
cc -std=c99 -D_XOPEN_SOURCE=600 -D_DEFAULT_SOURCE -g -I../lib -pedantic -Wall -W -Wmissing-prototypes -Wno-sign-compare -Wno-unused-parameter -pthread    thread_lock_speed.c ../libtlpi.a  ../libtlpi.a -pthread -o thread_lock_speed
cc -std=c99 -D_XOPEN_SOURCE=600 -D_DEFAULT_SOURCE -g -I../lib -pedantic -Wall -W -Wmissing-prototypes -Wno-sign-compare -Wno-unused-parameter -pthread    thread_multijoin.c ../libtlpi.a  ../libtlpi.a -pthread -o thread_multijoin
cc -std=c99 -D_XOPEN_SOURCE=600 -D_DEFAULT_SOURCE -g -I../lib -pedantic -Wall -W -Wmissing-prototypes -Wno-sign-compare -Wno-unused-parameter -pthread   -c -o strerror_tls.o strerror_tls.c
cc -o strerror_test_tls strerror_test.o strerror_tls.o \
    	-std=c99 -D_XOPEN_SOURCE=600 -D_DEFAULT_SOURCE -g -I../lib -pedantic -Wall -W -Wmissing-prototypes -Wno-sign-compare -Wno-unused-parameter -pthread ../libtlpi.a -pthread
make[1]: 离开目录“/mnt/hgfs/linux/tlpi-book/threads”
make[1]: 进入目录“/mnt/hgfs/linux/tlpi-book/time”
cc -std=c99 -D_XOPEN_SOURCE=600 -D_DEFAULT_SOURCE -g -I../lib -pedantic -Wall -W -Wmissing-prototypes -Wno-sign-compare -Wno-unused-parameter    calendar_time.c ../libtlpi.a  ../libtlpi.a -o calendar_time
cc -std=c99 -D_XOPEN_SOURCE=600 -D_DEFAULT_SOURCE -g -I../lib -pedantic -Wall -W -Wmissing-prototypes -Wno-sign-compare -Wno-unused-parameter    show_time.c ../libtlpi.a  ../libtlpi.a -o show_time
cc -std=c99 -D_XOPEN_SOURCE=600 -D_DEFAULT_SOURCE -g -I../lib -pedantic -Wall -W -Wmissing-prototypes -Wno-sign-compare -Wno-unused-parameter    process_time.c ../libtlpi.a  ../libtlpi.a -o process_time
cc -std=c99 -D_XOPEN_SOURCE=600 -D_DEFAULT_SOURCE -g -I../lib -pedantic -Wall -W -Wmissing-prototypes -Wno-sign-compare -Wno-unused-parameter    strtime.c ../libtlpi.a  ../libtlpi.a -o strtime
cc -std=c99 -D_XOPEN_SOURCE=600 -D_DEFAULT_SOURCE -g -I../lib -pedantic -Wall -W -Wmissing-prototypes -Wno-sign-compare -Wno-unused-parameter    t_stime.c ../libtlpi.a  ../libtlpi.a -o t_stime
make[1]: 离开目录“/mnt/hgfs/linux/tlpi-book/time”
make[1]: 进入目录“/mnt/hgfs/linux/tlpi-book/timers”
cc -std=c99 -D_XOPEN_SOURCE=600 -D_DEFAULT_SOURCE -g -I../lib -pedantic -Wall -W -Wmissing-prototypes -Wno-sign-compare -Wno-unused-parameter    cpu_burner.c ../libtlpi.a  ../libtlpi.a -lrt -pthread -o cpu_burner
cc -std=c99 -D_XOPEN_SOURCE=600 -D_DEFAULT_SOURCE -g -I../lib -pedantic -Wall -W -Wmissing-prototypes -Wno-sign-compare -Wno-unused-parameter    cpu_multi_burner.c ../libtlpi.a  ../libtlpi.a -lrt -pthread -o cpu_multi_burner
cc -std=c99 -D_XOPEN_SOURCE=600 -D_DEFAULT_SOURCE -g -I../lib -pedantic -Wall -W -Wmissing-prototypes -Wno-sign-compare -Wno-unused-parameter    cpu_multithread_burner.c ../libtlpi.a  ../libtlpi.a -lrt -pthread -o cpu_multithread_burner
cc -std=c99 -D_XOPEN_SOURCE=600 -D_DEFAULT_SOURCE -g -I../lib -pedantic -Wall -W -Wmissing-prototypes -Wno-sign-compare -Wno-unused-parameter    ptmr_null_evp.c ../libtlpi.a  ../libtlpi.a -lrt -pthread -o ptmr_null_evp
cc -std=c99 -D_XOPEN_SOURCE=600 -D_DEFAULT_SOURCE -g -I../lib -pedantic -Wall -W -Wmissing-prototypes -Wno-sign-compare -Wno-unused-parameter    ptmr_sigev_signal.c ../libtlpi.a  ../libtlpi.a -lrt -pthread -o ptmr_sigev_signal
cc -std=c99 -D_XOPEN_SOURCE=600 -D_DEFAULT_SOURCE -g -I../lib -pedantic -Wall -W -Wmissing-prototypes -Wno-sign-compare -Wno-unused-parameter    ptmr_sigev_thread.c ../libtlpi.a  ../libtlpi.a -lrt -pthread -o ptmr_sigev_thread
cc -std=c99 -D_XOPEN_SOURCE=600 -D_DEFAULT_SOURCE -g -I../lib -pedantic -Wall -W -Wmissing-prototypes -Wno-sign-compare -Wno-unused-parameter    real_timer.c ../libtlpi.a  ../libtlpi.a -lrt -pthread -o real_timer
cc -std=c99 -D_XOPEN_SOURCE=600 -D_DEFAULT_SOURCE -g -I../lib -pedantic -Wall -W -Wmissing-prototypes -Wno-sign-compare -Wno-unused-parameter    t_nanosleep.c ../libtlpi.a  ../libtlpi.a -lrt -pthread -o t_nanosleep
cc -std=c99 -D_XOPEN_SOURCE=600 -D_DEFAULT_SOURCE -g -I../lib -pedantic -Wall -W -Wmissing-prototypes -Wno-sign-compare -Wno-unused-parameter    timed_read.c ../libtlpi.a  ../libtlpi.a -lrt -pthread -o timed_read
cc -std=c99 -D_XOPEN_SOURCE=600 -D_DEFAULT_SOURCE -g -I../lib -pedantic -Wall -W -Wmissing-prototypes -Wno-sign-compare -Wno-unused-parameter    demo_timerfd.c ../libtlpi.a  ../libtlpi.a -lrt -pthread -o demo_timerfd
cc -std=c99 -D_XOPEN_SOURCE=600 -D_DEFAULT_SOURCE -g -I../lib -pedantic -Wall -W -Wmissing-prototypes -Wno-sign-compare -Wno-unused-parameter    t_clock_nanosleep.c ../libtlpi.a  ../libtlpi.a -lrt -pthread -o t_clock_nanosleep
make[1]: 离开目录“/mnt/hgfs/linux/tlpi-book/timers”
make[1]: 进入目录“/mnt/hgfs/linux/tlpi-book/tty”
cc -std=c99 -D_XOPEN_SOURCE=600 -D_DEFAULT_SOURCE -g -I../lib -pedantic -Wall -W -Wmissing-prototypes -Wno-sign-compare -Wno-unused-parameter    demo_SIGWINCH.c ../libtlpi.a  ../libtlpi.a -o demo_SIGWINCH
cc -std=c99 -D_XOPEN_SOURCE=600 -D_DEFAULT_SOURCE -g -I../lib -pedantic -Wall -W -Wmissing-prototypes -Wno-sign-compare -Wno-unused-parameter    new_intr.c ../libtlpi.a  ../libtlpi.a -o new_intr
cc -std=c99 -D_XOPEN_SOURCE=600 -D_DEFAULT_SOURCE -g -I../lib -pedantic -Wall -W -Wmissing-prototypes -Wno-sign-compare -Wno-unused-parameter    no_echo.c ../libtlpi.a  ../libtlpi.a -o no_echo
cc -std=c99 -D_XOPEN_SOURCE=600 -D_DEFAULT_SOURCE -g -I../lib -pedantic -Wall -W -Wmissing-prototypes -Wno-sign-compare -Wno-unused-parameter    test_tty_functions.c ../libtlpi.a  ../libtlpi.a -o test_tty_functions
make[1]: 离开目录“/mnt/hgfs/linux/tlpi-book/tty”
make[1]: 进入目录“/mnt/hgfs/linux/tlpi-book/users_groups”
cc -std=c99 -D_XOPEN_SOURCE=600 -D_DEFAULT_SOURCE -g -I../lib -pedantic -Wall -W -Wmissing-prototypes -Wno-sign-compare -Wno-unused-parameter    t_getpwent.c ../libtlpi.a  ../libtlpi.a -o t_getpwent
cc -std=c99 -D_XOPEN_SOURCE=600 -D_DEFAULT_SOURCE -g -I../lib -pedantic -Wall -W -Wmissing-prototypes -Wno-sign-compare -Wno-unused-parameter    t_getpwnam_r.c ../libtlpi.a  ../libtlpi.a -o t_getpwnam_r
cc -std=c99 -D_XOPEN_SOURCE=600 -D_DEFAULT_SOURCE -g -I../lib -pedantic -Wall -W -Wmissing-prototypes -Wno-sign-compare -Wno-unused-parameter   -c -o check_password.o check_password.c
cc -o check_password check_password.o  ../libtlpi.a -lcrypt
make[1]: 离开目录“/mnt/hgfs/linux/tlpi-book/users_groups”
make[1]: 进入目录“/mnt/hgfs/linux/tlpi-book/vdso”
cc -o vdso_gettimeofday gettimeofday.c -std=c99 -D_XOPEN_SOURCE=600 -D_DEFAULT_SOURCE -g -I../lib -pedantic -Wall -W -Wmissing-prototypes -Wno-sign-compare -Wno-unused-parameter ../libtlpi.a
cc -DUSE_SYSCALL -o syscall_gettimeofday gettimeofday.c -std=c99 -D_XOPEN_SOURCE=600 -D_DEFAULT_SOURCE -g -I../lib -pedantic -Wall -W -Wmissing-prototypes -Wno-sign-compare -Wno-unused-parameter ../libtlpi.a
make[1]: 离开目录“/mnt/hgfs/linux/tlpi-book/vdso”
make[1]: 进入目录“/mnt/hgfs/linux/tlpi-book/vmem”
cc -std=c99 -D_XOPEN_SOURCE=600 -D_DEFAULT_SOURCE -g -I../lib -pedantic -Wall -W -Wmissing-prototypes -Wno-sign-compare -Wno-unused-parameter    memlock.c ../libtlpi.a  ../libtlpi.a -o memlock
cc -std=c99 -D_XOPEN_SOURCE=600 -D_DEFAULT_SOURCE -g -I../lib -pedantic -Wall -W -Wmissing-prototypes -Wno-sign-compare -Wno-unused-parameter    madvise_dontneed.c ../libtlpi.a  ../libtlpi.a -o madvise_dontneed
cc -std=c99 -D_XOPEN_SOURCE=600 -D_DEFAULT_SOURCE -g -I../lib -pedantic -Wall -W -Wmissing-prototypes -Wno-sign-compare -Wno-unused-parameter    t_mprotect.c ../libtlpi.a  ../libtlpi.a -o t_mprotect
make[1]: 离开目录“/mnt/hgfs/linux/tlpi-book/vmem”
make[1]: 进入目录“/mnt/hgfs/linux/tlpi-book/xattr”
cc -std=c99 -D_XOPEN_SOURCE=600 -D_DEFAULT_SOURCE -g -I../lib -pedantic -Wall -W -Wmissing-prototypes -Wno-sign-compare -Wno-unused-parameter    t_setxattr.c ../libtlpi.a  ../libtlpi.a -o t_setxattr
cc -std=c99 -D_XOPEN_SOURCE=600 -D_DEFAULT_SOURCE -g -I../lib -pedantic -Wall -W -Wmissing-prototypes -Wno-sign-compare -Wno-unused-parameter    xattr_view.c ../libtlpi.a  ../libtlpi.a -o xattr_view
make[1]: 离开目录“/mnt/hgfs/linux/tlpi-book/xattr”
